    Checking goldylox v0.1.0 (/Volumes/samsung_t9/goldylox)
warning: unused import: `crate::cache::tier::hot::prefetch::types::AccessSequence`
 --> src/cache/eviction/prefetch.rs:8:5
  |
8 | use crate::cache::tier::hot::prefetch::types::AccessSequence;
  |     ^^^^^^^^^^^^^^^^^^^^^^^^^^^^^^^^^^^^^^^^^^^^^^^^^^^^^^^^
  |
  = note: `#[warn(unused_imports)]` on by default

warning: unused import: `std::time::Instant`
 --> src/cache/eviction/types.rs:5:5
  |
5 | use std::time::Instant;
  |     ^^^^^^^^^^^^^^^^^^

warning: unused import: `Duration`
 --> src/cache/eviction/write_policies.rs:9:17
  |
9 | use std::time::{Duration, Instant};
  |                 ^^^^^^^^

warning: unused import: `AtomicUsize`
 --> src/cache/manager/performance/alert_system.rs:9:59
  |
9 | use std::sync::atomic::{AtomicBool, AtomicU32, AtomicU64, AtomicUsize, Ordering};
  |                                                           ^^^^^^^^^^^

warning: unused import: `arrayvec::ArrayVec`
  --> src/cache/manager/performance/alert_system.rs:12:5
   |
12 | use arrayvec::ArrayVec;
   |     ^^^^^^^^^^^^^^^^^^

warning: unused import: `std::sync::atomic::AtomicU32`
 --> src/cache/manager/policy/prefetch_prediction.rs:6:5
  |
6 | use std::sync::atomic::AtomicU32;
  |     ^^^^^^^^^^^^^^^^^^^^^^^^^^^^

warning: unused imports: `CachePadded` and `atomic::AtomicCell`
 --> src/cache/manager/policy/prefetch_prediction.rs:8:23
  |
8 | use crossbeam_utils::{atomic::AtomicCell, CachePadded};
  |                       ^^^^^^^^^^^^^^^^^^  ^^^^^^^^^^^

warning: unused import: `crate::cache::traits::core::CacheKey`
  --> src/cache/manager/policy/replacement_policies.rs:15:5
   |
15 | use crate::cache::traits::core::CacheKey;
   |     ^^^^^^^^^^^^^^^^^^^^^^^^^^^^^^^^^^^^

warning: unused import: `dashmap::DashMap`
  --> src/cache/manager/policy/types.rs:12:5
   |
12 | use dashmap::DashMap;
   |     ^^^^^^^^^^^^^^^^

warning: unused import: `CachePadded`
 --> src/cache/manager/policy/write_policies.rs:9:43
  |
9 | use crossbeam_utils::{atomic::AtomicCell, CachePadded};
  |                                           ^^^^^^^^^^^

warning: unused import: `dashmap::DashMap`
  --> src/cache/manager/policy/write_policies.rs:10:5
   |
10 | use dashmap::DashMap;
   |     ^^^^^^^^^^^^^^^^

warning: unused imports: `AccessSequence`, `LockFreeQueue`, `ThroughputMetrics`, `WritePolicyManager`, and `WritePolicy`
  --> src/cache/manager/policy/write_policies.rs:13:5
   |
13 |     AccessSequence, AdaptivePolicyConfig, BackgroundWriteCoordinator, CoordinatorStatus,
   |     ^^^^^^^^^^^^^^
14 |     LockFreeQueue, ThroughputMetrics, WritePolicy, WritePolicyManager, WriteScheduler,
   |     ^^^^^^^^^^^^^  ^^^^^^^^^^^^^^^^^  ^^^^^^^^^^^  ^^^^^^^^^^^^^^^^^^

warning: unused import: `Ordering`
  --> src/cache/memory/allocation_manager.rs:26:64
   |
26 |     use std::sync::atomic::{AtomicU32, AtomicU64, AtomicUsize, Ordering};
   |                                                                ^^^^^^^^

warning: unused import: `crate::cache::tier::warm::maintenance::MaintenanceTask`
 --> src/cache/memory/pool_manager/cleanup_manager.rs:8:5
  |
8 | use crate::cache::tier::warm::maintenance::MaintenanceTask;
  |     ^^^^^^^^^^^^^^^^^^^^^^^^^^^^^^^^^^^^^^^^^^^^^^^^^^^^^^

warning: unused import: `CacheValue`
  --> src/cache/tier/cold/compaction_system.rs:11:38
   |
11 | use crate::cache::traits::{CacheKey, CacheValue};
   |                                      ^^^^^^^^^^

warning: unused import: `crate::cache::traits::types_and_enums::CacheOperationError`
  --> src/cache/tier/cold/compression.rs:18:5
   |
18 | use crate::cache::traits::types_and_enums::CacheOperationError;
   |     ^^^^^^^^^^^^^^^^^^^^^^^^^^^^^^^^^^^^^^^^^^^^^^^^^^^^^^^^^^

warning: unused import: `crossbeam_utils::atomic::AtomicCell`
  --> src/cache/tier/cold/compression_engine.rs:12:5
   |
12 | use crossbeam_utils::atomic::AtomicCell;
   |     ^^^^^^^^^^^^^^^^^^^^^^^^^^^^^^^^^^^

warning: unused import: `dashmap::DashMap`
  --> src/cache/tier/cold/compression_engine.rs:13:5
   |
13 | use dashmap::DashMap;
   |     ^^^^^^^^^^^^^^^^

warning: unused import: `AdaptiveThresholds`
  --> src/cache/tier/cold/compression_engine.rs:19:5
   |
19 |     AdaptiveThresholds, AlgorithmMetrics, CompressionAlgorithm, CompressionEngine, CompressionStats,
   |     ^^^^^^^^^^^^^^^^^^

warning: unused import: `crate::cache::tier::warm::maintenance::MaintenanceTask`
  --> src/cache/tier/cold/core/utilities.rs:14:5
   |
14 | use crate::cache::tier::warm::maintenance::MaintenanceTask;
   |     ^^^^^^^^^^^^^^^^^^^^^^^^^^^^^^^^^^^^^^^^^^^^^^^^^^^^^^

warning: unused imports: `Duration` and `Instant`
 --> src/cache/tier/hot/synchronization/timing.rs:6:17
  |
6 | use std::time::{Duration, Instant};
  |                 ^^^^^^^^  ^^^^^^^

warning: unused import: `crate::cache::types::statistics::tier_stats::TierStatistics`
  --> src/cache/tier/hot/synchronization/mod.rs:15:5
   |
15 | use crate::cache::types::statistics::tier_stats::TierStatistics;
   |     ^^^^^^^^^^^^^^^^^^^^^^^^^^^^^^^^^^^^^^^^^^^^^^^^^^^^^^^^^^^

warning: unused import: `Ordering`
 --> src/cache/tier/hot/thread_local.rs:7:38
  |
7 | use std::sync::atomic::{AtomicUsize, Ordering};
  |                                      ^^^^^^^^

warning: unused import: `Receiver`
  --> src/cache/tier/hot/thread_local.rs:10:34
   |
10 | use crossbeam_channel::{bounded, Receiver, Sender};
   |                                  ^^^^^^^^

warning: unused imports: `AtomicTierStats`, `CoordinationState`, `ReadGuard`, `SimdHashState`, `SimdLruTracker`, and `WriteGuard`
  --> src/cache/tier/hot/mod.rs:24:5
   |
24 |     AtomicTierStats, CoordinationState, ReadGuard, SimdHashState, SimdLruTracker,
   |     ^^^^^^^^^^^^^^^  ^^^^^^^^^^^^^^^^^  ^^^^^^^^^  ^^^^^^^^^^^^^  ^^^^^^^^^^^^^^
25 |     WriteGuard,
   |     ^^^^^^^^^^

warning: unused import: `super::timing::*`
  --> src/cache/tier/warm/data_structures.rs:16:9
   |
16 | pub use super::timing::*;
   |         ^^^^^^^^^^^^^^^^

warning: unused import: `crate::cache::traits::types_and_enums::CacheOperationError`
  --> src/cache/tier/warm/monitoring/mod.rs:21:5
   |
21 | use crate::cache::traits::types_and_enums::CacheOperationError;
   |     ^^^^^^^^^^^^^^^^^^^^^^^^^^^^^^^^^^^^^^^^^^^^^^^^^^^^^^^^^^

warning: unused import: `std::time::Duration`
 --> src/cache/traits/structures.rs:7:5
  |
7 | use std::time::Duration;
  |     ^^^^^^^^^^^^^^^^^^^

warning: unused import: `std::time::Instant`
 --> src/cache/types/core_types.rs:3:5
  |
3 | use std::time::Instant;
  |     ^^^^^^^^^^^^^^^^^^

warning: unused import: `super::core_types::timestamp_nanos`
 --> src/cache/types/performance_tools.rs:9:5
  |
9 | use super::core_types::timestamp_nanos;
  |     ^^^^^^^^^^^^^^^^^^^^^^^^^^^^^^^^^^

warning: unused import: `crate::cache::types::statistics::tier_stats::TierStatistics`
  --> src/telemetry/mod.rs:18:5
   |
18 | use crate::cache::types::statistics::tier_stats::TierStatistics;
   |     ^^^^^^^^^^^^^^^^^^^^^^^^^^^^^^^^^^^^^^^^^^^^^^^^^^^^^^^^^^^

warning: unused import: `std::collections::VecDeque`
 --> src/telemetry/types.rs:3:5
  |
3 | use std::collections::VecDeque;
  |     ^^^^^^^^^^^^^^^^^^^^^^^^^^

warning: unused imports: `AtomicU32` and `AtomicU64`
 --> src/telemetry/types.rs:4:25
  |
4 | use std::sync::atomic::{AtomicU32, AtomicU64};
  |                         ^^^^^^^^^  ^^^^^^^^^

warning: unused import: `crossbeam_utils::CachePadded`
 --> src/telemetry/types.rs:7:5
  |
7 | use crossbeam_utils::CachePadded;
  |     ^^^^^^^^^^^^^^^^^^^^^^^^^^^^

error[E0658]: use of unstable library feature `once_cell_try`
   --> src/cache/coordinator/background_coordinator.rs:269:39
    |
269 |         GLOBAL_BACKGROUND_COORDINATOR.get_or_try_init(|| {
    |                                       ^^^^^^^^^^^^^^^
    |
    = note: see issue #109737 <https://github.com/rust-lang/rust/issues/109737> for more information
    = help: add `#![feature(once_cell_try)]` to the crate attributes to enable
    = note: this compiler was built on 2025-08-11; consider upgrading it if it is out of date

error[E0658]: use of unstable library feature `once_cell_try`
   --> src/cache/coordinator/unified_manager.rs:345:38
    |
345 |         GLOBAL_UNIFIED_CACHE_MANAGER.get_or_try_init(|| {
    |                                      ^^^^^^^^^^^^^^^
    |
    = note: see issue #109737 <https://github.com/rust-lang/rust/issues/109737> for more information
    = help: add `#![feature(once_cell_try)]` to the crate attributes to enable
    = note: this compiler was built on 2025-08-11; consider upgrading it if it is out of date

error[E0063]: missing fields `accuracy`, `avg_confidence`, `enabled` and 3 other fields in initializer of `PrefetchStats`
   --> src/cache/eviction/policy_engine.rs:290:9
    |
290 |         PrefetchStats {
    |         ^^^^^^^^^^^^^ missing `accuracy`, `avg_confidence`, `enabled` and 3 other fields

error[E0308]: mismatched types
  --> src/cache/manager/error_recovery/core.rs:62:50
   |
62 |         self.error_stats.record_recovery_attempt(strategy_idx);
   |                          ----------------------- ^^^^^^^^^^^^ expected `RecoveryStrategy`, found `usize`
   |                          |
   |                          arguments to this method are incorrect
   |
note: method defined here
  --> src/cache/manager/error_recovery/statistics.rs:53:12
   |
53 |     pub fn record_recovery_attempt(&self, strategy: RecoveryStrategy) {
   |            ^^^^^^^^^^^^^^^^^^^^^^^        --------------------------

error[E0308]: mismatched types
  --> src/cache/manager/error_recovery/core.rs:75:42
   |
75 |                 .record_recovery_success(strategy_idx, recovery_time_ns);
   |                  ----------------------- ^^^^^^^^^^^^ expected `RecoveryStrategy`, found `usize`
   |                  |
   |                  arguments to this method are incorrect
   |
note: method defined here
  --> src/cache/manager/error_recovery/statistics.rs:70:12
   |
70 |     pub fn record_recovery_success(&self, strategy: RecoveryStrategy, recovery_time_ns: u64) {
   |            ^^^^^^^^^^^^^^^^^^^^^^^        --------------------------

error[E0308]: mismatched types
   --> src/cache/manager/performance/alert_system.rs:92:52
    |
 92 |         alert_system.thresholds = CachePadded::new(config.alert_thresholds);
    |                                   ---------------- ^^^^^^^^^^^^^^^^^^^^^^^ expected `AlertThresholds`, found `telemetry::types::AlertThresholds`
    |                                   |
    |                                   arguments to this function are incorrect
    |
    = note: `telemetry::types::AlertThresholds` and `AlertThresholds` have similar names, but are actually distinct types
note: `telemetry::types::AlertThresholds` is defined in module `crate::telemetry::types` of the current crate
   --> src/telemetry/types.rs:43:1
    |
 43 | pub struct AlertThresholds {
    | ^^^^^^^^^^^^^^^^^^^^^^^^^^
note: `AlertThresholds` is defined in module `crate::cache::manager::performance::types` of the current crate
   --> src/cache/manager/performance/types.rs:104:1
    |
104 | pub struct AlertThresholds {
    | ^^^^^^^^^^^^^^^^^^^^^^^^^^
note: associated function defined here
   --> /Users/davidmaple/.cargo/registry/src/index.crates.io-1949cf8c6b5b557f/crossbeam-utils-0.8.21/src/cache_padded.rs:165:18
    |
165 |     pub const fn new(t: T) -> CachePadded<T> {
    |                  ^^^

error[E0277]: `&crossbeam_utils::CachePadded<[std::sync::atomic::AtomicU32; 5]>` is not an iterator
   --> src/cache/manager/performance/alert_system.rs:462:26
    |
462 |             for count in &self.rate_limits.current_counts {
    |                          ^^^^^^^^^^^^^^^^^^^^^^^^^^^^^^^^ `&crossbeam_utils::CachePadded<[std::sync::atomic::AtomicU32; 5]>` is not an iterator
    |
    = help: the trait `Iterator` is not implemented for `&crossbeam_utils::CachePadded<[std::sync::atomic::AtomicU32; 5]>`
    = note: required for `&crossbeam_utils::CachePadded<[std::sync::atomic::AtomicU32; 5]>` to implement `IntoIterator`

error[E0063]: missing fields `_padding`, `avg_access_time_ns`, `cold_utilization_x100` and 4 other fields in initializer of `telemetry::data_structures::PerformanceSample`
   --> src/cache/manager/performance/metrics_collector.rs:134:22
    |
134 |         let sample = PerformanceSample {
    |                      ^^^^^^^^^^^^^^^^^ missing `_padding`, `avg_access_time_ns`, `cold_utilization_x100` and 4 other fields

error[E0609]: no field `sequence_id` on type `&AccessSequence<K>`
  --> src/cache/manager/policy/replacement_policies.rs:61:38
   |
61 |             key_hash: access_pattern.sequence_id,
   |                                      ^^^^^^^^^^^ unknown field
   |
   = note: available fields are: `key`, `timestamp`, `context_hash`

error[E0599]: the method `submit_task` exists for struct `MaintenanceScheduler<K, V>`, but its trait bounds were not satisfied
   --> src/cache/memory/allocation_manager.rs:154:49
    |
154 |                     let result = self.scheduler.submit_task(task_type, priority as u16)
    |                                                 ^^^^^^^^^^^ method cannot be called on `MaintenanceScheduler<K, V>` due to unsatisfied trait bounds
    |
   ::: src/cache/manager/background/types.rs:239:1
    |
239 | pub struct MaintenanceScheduler<K: CacheKey, V: CacheValue> {
    | ----------------------------------------------------------- method `submit_task` not found for this struct
    |
note: trait bound `K: Default` was not satisfied
   --> src/cache/manager/background/scheduler.rs:16:20
    |
 16 | impl<K: CacheKey + Default, V: CacheValue> MaintenanceScheduler<K, V> 
    |                    ^^^^^^^                 --------------------------
    |                    |
    |                    unsatisfied trait bound introduced here

error[E0599]: no variant or associated item named `MaintenanceError` found for enum `types_and_enums::CacheOperationError` in the current scope
   --> src/cache/memory/allocation_manager.rs:155:98
    |
155 |                         .map_err(|_| crate::cache::traits::types_and_enums::CacheOperationError::MaintenanceError);
    |                                                                                                  ^^^^^^^^^^^^^^^^ variant or associated item not found in `types_and_enums::CacheOperationError`
    |
   ::: src/cache/traits/types_and_enums.rs:235:1
    |
235 | pub enum CacheOperationError {
    | ---------------------------- variant or associated item `MaintenanceError` not found for this enum
    |
help: there is an associated function `internal_error` with a similar name
   --> src/cache/traits/types_and_enums.rs:408:5
    |
408 |     pub fn internal_error(msg: impl Into<String>) -> Self {
    |     ^^^^^^^^^^^^^^^^^^^^^^^^^^^^^^^^^^^^^^^^^^^^^^^^^^^^^

error[E0599]: the method `submit_urgent_task` exists for struct `MaintenanceScheduler<K, V>`, but its trait bounds were not satisfied
   --> src/cache/memory/allocation_manager.rs:159:49
    |
159 |                     let result = self.scheduler.submit_urgent_task(task_type);
    |                                                 ^^^^^^^^^^^^^^^^^^ method cannot be called on `MaintenanceScheduler<K, V>` due to unsatisfied trait bounds
    |
   ::: src/cache/manager/background/types.rs:239:1
    |
239 | pub struct MaintenanceScheduler<K: CacheKey, V: CacheValue> {
    | ----------------------------------------------------------- method `submit_urgent_task` not found for this struct
    |
note: trait bound `K: Default` was not satisfied
   --> src/cache/manager/background/scheduler.rs:16:20
    |
 16 | impl<K: CacheKey + Default, V: CacheValue> MaintenanceScheduler<K, V> 
    |                    ^^^^^^^                 --------------------------
    |                    |
    |                    unsatisfied trait bound introduced here

error[E0599]: the method `is_healthy` exists for struct `MaintenanceScheduler<K, V>`, but its trait bounds were not satisfied
   --> src/cache/memory/allocation_manager.rs:163:50
    |
163 |                     let healthy = self.scheduler.is_healthy();
    |                                                  ^^^^^^^^^^ method cannot be called on `MaintenanceScheduler<K, V>` due to unsatisfied trait bounds
    |
   ::: src/cache/manager/background/types.rs:239:1
    |
239 | pub struct MaintenanceScheduler<K: CacheKey, V: CacheValue> {
    | ----------------------------------------------------------- method `is_healthy` not found for this struct
    |
note: trait bound `K: Default` was not satisfied
   --> src/cache/manager/background/scheduler.rs:16:20
    |
 16 | impl<K: CacheKey + Default, V: CacheValue> MaintenanceScheduler<K, V> 
    |                    ^^^^^^^                 --------------------------
    |                    |
    |                    unsatisfied trait bound introduced here

error[E0599]: the method `get_stats` exists for struct `MaintenanceScheduler<K, V>`, but its trait bounds were not satisfied
   --> src/cache/memory/allocation_manager.rs:167:48
    |
167 |                     let stats = self.scheduler.get_stats();
    |                                                ^^^^^^^^^ method cannot be called on `MaintenanceScheduler<K, V>` due to unsatisfied trait bounds
    |
   ::: src/cache/manager/background/types.rs:239:1
    |
239 | pub struct MaintenanceScheduler<K: CacheKey, V: CacheValue> {
    | ----------------------------------------------------------- method `get_stats` not found for this struct
    |
note: trait bound `K: Default` was not satisfied
   --> src/cache/manager/background/scheduler.rs:16:20
    |
 16 | impl<K: CacheKey + Default, V: CacheValue> MaintenanceScheduler<K, V> 
    |                    ^^^^^^^                 --------------------------
    |                    |
    |                    unsatisfied trait bound introduced here

error[E0308]: mismatched types
   --> src/cache/memory/allocation_manager.rs:294:58
    |
294 |             pressure_monitor: MemoryPressureMonitor::new(config)?,
    |                               -------------------------- ^^^^^^ expected `u64`, found `&CacheConfig`
    |                               |
    |                               arguments to this function are incorrect
    |
note: associated function defined here
   --> src/cache/tier/warm/monitoring/memory_pressure.rs:40:12
    |
 40 |     pub fn new(memory_limit: u64) -> Self {
    |            ^^^ -----------------

error[E0277]: the `?` operator can only be applied to values that implement `Try`
   --> src/cache/memory/allocation_manager.rs:294:31
    |
294 |             pressure_monitor: MemoryPressureMonitor::new(config)?,
    |                               ^^^^^^^^^^^^^^^^^^^^^^^^^^^^^^^^^^^ the `?` operator cannot be applied to type `MemoryPressureMonitor`
    |
    = help: the trait `Try` is not implemented for `MemoryPressureMonitor`

error[E0599]: no method named `current_pressure` found for struct `MemoryPressureMonitor` in the current scope
   --> src/cache/memory/allocation_manager.rs:486:34
    |
486 |         if self.pressure_monitor.current_pressure() > 0.95 {
    |                                  ^^^^^^^^^^^^^^^^
    |
   ::: src/cache/tier/warm/monitoring/memory_pressure.rs:20:1
    |
 20 | pub struct MemoryPressureMonitor {
    | -------------------------------- method `current_pressure` not found for this struct
    |
help: there is a method `get_pressure` with a similar name
    |
486 -         if self.pressure_monitor.current_pressure() > 0.95 {
486 +         if self.pressure_monitor.get_pressure() > 0.95 {
    |

error[E0308]: mismatched types
   --> src/cache/memory/allocation_manager.rs:486:55
    |
211 | impl<K: CacheKey + Default, V: CacheValue> AllocationManager<K, V> {
    |      - expected this type parameter
...
486 |         if self.pressure_monitor.current_pressure() > 0.95 {
    |                                                       ^^^^ expected type parameter `K`, found floating-point number
    |
    = note: expected type parameter `K`
                         found type `{float}`

error[E0599]: no variant or associated item named `circuit_breaker_open` found for enum `types_and_enums::CacheOperationError` in the current scope
   --> src/cache/memory/allocation_manager.rs:503:49
    |
503 |                 return Err(CacheOperationError::circuit_breaker_open(
    |                                                 ^^^^^^^^^^^^^^^^^^^^ variant or associated item not found in `types_and_enums::CacheOperationError`
    |
   ::: src/cache/traits/types_and_enums.rs:235:1
    |
235 | pub enum CacheOperationError {
    | ---------------------------- variant or associated item `circuit_breaker_open` not found for this enum
    |
note: if you're trying to build a new `types_and_enums::CacheOperationError` consider using one of the following associated functions:
      types_and_enums::CacheOperationError::invalid_state
      types_and_enums::CacheOperationError::resource_exhausted
      types_and_enums::CacheOperationError::serialization_failed
      types_and_enums::CacheOperationError::io_failed
      and 6 others
   --> src/cache/traits/types_and_enums.rs:306:5
    |
306 |     pub fn invalid_state(msg: impl Into<String>) -> Self {
    |     ^^^^^^^^^^^^^^^^^^^^^^^^^^^^^^^^^^^^^^^^^^^^^^^^^^^^
...
312 |     pub fn resource_exhausted(msg: impl Into<String>) -> Self {
    |     ^^^^^^^^^^^^^^^^^^^^^^^^^^^^^^^^^^^^^^^^^^^^^^^^^^^^^^^^^
...
318 |     pub fn serialization_failed(msg: impl Into<String>) -> Self {
    |     ^^^^^^^^^^^^^^^^^^^^^^^^^^^^^^^^^^^^^^^^^^^^^^^^^^^^^^^^^^^
...
324 |     pub fn io_failed(msg: impl Into<String>) -> Self {
    |     ^^^^^^^^^^^^^^^^^^^^^^^^^^^^^^^^^^^^^^^^^^^^^^^^

error[E0609]: no field `capacity` on type `AnalysisHistoryBuffer`
   --> src/cache/memory/efficiency_analyzer.rs:326:46
    |
326 |         let capacity = self.analysis_history.capacity.load(Ordering::Acquire) as u64;
    |                                              ^^^^^^^^ unknown field
    |
    = note: available fields are: `results`, `write_position`

error[E0609]: no field `buffer` on type `&mut AnalysisHistoryBuffer`
   --> src/cache/memory/efficiency_analyzer.rs:336:28
    |
336 |             if history_mut.buffer.len() >= capacity as usize {
    |                            ^^^^^^ unknown field
    |
    = note: available fields are: `results`, `write_position`

error[E0609]: no field `buffer` on type `&mut AnalysisHistoryBuffer`
   --> src/cache/memory/efficiency_analyzer.rs:337:29
    |
337 |                 history_mut.buffer[write_idx] = result;
    |                             ^^^^^^ unknown field
    |
    = note: available fields are: `results`, `write_position`

error[E0609]: no field `buffer` on type `&mut AnalysisHistoryBuffer`
   --> src/cache/memory/efficiency_analyzer.rs:339:29
    |
339 |                 history_mut.buffer.push(result);
    |                             ^^^^^^ unknown field
    |
    = note: available fields are: `results`, `write_position`

error[E0599]: no method named `allocation_operations` found for reference `&AllocationStatistics` in the current scope
   --> src/cache/memory/efficiency_analyzer.rs:369:42
    |
369 |         let total_ops = allocation_stats.allocation_operations();
    |                                          ^^^^^^^^^^^^^^^^^^^^^ private field, not a method

error[E0599]: no method named `peak_allocation` found for reference `&AllocationStatistics` in the current scope
   --> src/cache/memory/efficiency_analyzer.rs:383:48
    |
383 |         let peak_allocation = allocation_stats.peak_allocation();
    |                                                ^^^^^^^^^^^^^^^ private field, not a method
    |
help: there is a method `update_peak_allocation` with a similar name
    |
383 |         let peak_allocation = allocation_stats.update_peak_allocation();
    |                                                +++++++

error[E0308]: mismatched types
   --> src/cache/memory/gc_coordinator.rs:196:12
    |
196 |         if self.lock_free_queue.push(_task) {
    |            ^^^^^^^^^^^^^^^^^^^^^^^^^^^^^^^^ expected `bool`, found `Result<(), GCTask>`
    |
    = note: expected type `bool`
               found enum `Result<(), GCTask>`

error[E0308]: mismatched types
   --> src/cache/memory/pool_manager/cleanup_manager.rs:135:24
    |
134 |                 match response_rx.recv_timeout(Duration::from_millis(100)) {
    |                       ---------------------------------------------------- this expression has type `Result<Result<(), types_and_enums::CacheOperationError>, crossbeam_channel::RecvTimeoutError>`
135 |                     Ok(()) => {
    |                        ^^ expected `Result<(), CacheOperationError>`, found `()`
    |
    = note:   expected enum `Result<(), types_and_enums::CacheOperationError>`
            found unit type `()`

error[E0308]: mismatched types
   --> src/cache/memory/pool_manager/cleanup_manager.rs:204:24
    |
203 |                 match response_rx.recv_timeout(Duration::from_millis(100)) {
    |                       ---------------------------------------------------- this expression has type `Result<Result<(), types_and_enums::CacheOperationError>, crossbeam_channel::RecvTimeoutError>`
204 |                     Ok(()) => {
    |                        ^^ expected `Result<(), CacheOperationError>`, found `()`
    |
    = note:   expected enum `Result<(), types_and_enums::CacheOperationError>`
            found unit type `()`

error[E0599]: no variant or associated item named `Advanced` found for enum `maintenance::OptimizationLevel` in the current scope
   --> src/cache/memory/pool_manager/cleanup_manager.rs:215:115
    |
215 | ...                   optimization_level: crate::cache::tier::warm::maintenance::OptimizationLevel::Advanced,
    |                                                                                                     ^^^^^^^^ variant or associated item not found in `maintenance::OptimizationLevel`
    |
   ::: src/cache/tier/warm/maintenance.rs:58:1
    |
 58 | pub enum OptimizationLevel {
    | -------------------------- variant or associated item `Advanced` not found for this enum

error[E0618]: expected function, found `types_and_enums::CacheOperationError`
   --> src/cache/memory/pool_manager/cleanup_manager.rs:295:26
    |
295 |             .map_err(|_| CacheOperationError::InternalError("Maintenance service unavailable".to_string()))?;
    |                          ^^^^^^^^^^^^^^^^^^^^^^^^^^^^^^^^^^-----------------------------------------------
    |                          |
    |                          call expression requires function
    |
   ::: src/cache/traits/types_and_enums.rs:253:5
    |
253 |     InternalError,
    |     ------------- `types_and_enums::CacheOperationError::InternalError` defined here

error[E0599]: no variant or associated item named `timeout_error` found for enum `types_and_enums::CacheOperationError` in the current scope
   --> src/cache/memory/pool_manager/cleanup_manager.rs:351:43
    |
351 |         .map_err(|_| CacheOperationError::timeout_error())?
    |                                           ^^^^^^^^^^^^^ variant or associated item not found in `types_and_enums::CacheOperationError`
    |
   ::: src/cache/traits/types_and_enums.rs:235:1
    |
235 | pub enum CacheOperationError {
    | ---------------------------- variant or associated item `timeout_error` not found for this enum
    |
note: if you're trying to build a new `types_and_enums::CacheOperationError` consider using one of the following associated functions:
      types_and_enums::CacheOperationError::invalid_state
      types_and_enums::CacheOperationError::resource_exhausted
      types_and_enums::CacheOperationError::serialization_failed
      types_and_enums::CacheOperationError::io_failed
      and 6 others
   --> src/cache/traits/types_and_enums.rs:306:5
    |
306 |     pub fn invalid_state(msg: impl Into<String>) -> Self {
    |     ^^^^^^^^^^^^^^^^^^^^^^^^^^^^^^^^^^^^^^^^^^^^^^^^^^^^
...
312 |     pub fn resource_exhausted(msg: impl Into<String>) -> Self {
    |     ^^^^^^^^^^^^^^^^^^^^^^^^^^^^^^^^^^^^^^^^^^^^^^^^^^^^^^^^^
...
318 |     pub fn serialization_failed(msg: impl Into<String>) -> Self {
    |     ^^^^^^^^^^^^^^^^^^^^^^^^^^^^^^^^^^^^^^^^^^^^^^^^^^^^^^^^^^^
...
324 |     pub fn io_failed(msg: impl Into<String>) -> Self {
    |     ^^^^^^^^^^^^^^^^^^^^^^^^^^^^^^^^^^^^^^^^^^^^^^^^
help: there is an associated function `timing_error` with a similar name
   --> src/cache/traits/types_and_enums.rs:336:5
    |
336 |     pub fn timing_error(msg: impl Into<String>) -> Self {
    |     ^^^^^^^^^^^^^^^^^^^^^^^^^^^^^^^^^^^^^^^^^^^^^^^^^^^
help: there is a variant with a similar name
    |
351 -         .map_err(|_| CacheOperationError::timeout_error())?
351 +         .map_err(|_| CacheOperationError::TimeoutError)?
    |

error[E0599]: no variant or associated item named `timeout_error` found for enum `types_and_enums::CacheOperationError` in the current scope
   --> src/cache/memory/pool_manager/cleanup_manager.rs:364:43
    |
364 |         .map_err(|_| CacheOperationError::timeout_error())?
    |                                           ^^^^^^^^^^^^^ variant or associated item not found in `types_and_enums::CacheOperationError`
    |
   ::: src/cache/traits/types_and_enums.rs:235:1
    |
235 | pub enum CacheOperationError {
    | ---------------------------- variant or associated item `timeout_error` not found for this enum
    |
note: if you're trying to build a new `types_and_enums::CacheOperationError` consider using one of the following associated functions:
      types_and_enums::CacheOperationError::invalid_state
      types_and_enums::CacheOperationError::resource_exhausted
      types_and_enums::CacheOperationError::serialization_failed
      types_and_enums::CacheOperationError::io_failed
      and 6 others
   --> src/cache/traits/types_and_enums.rs:306:5
    |
306 |     pub fn invalid_state(msg: impl Into<String>) -> Self {
    |     ^^^^^^^^^^^^^^^^^^^^^^^^^^^^^^^^^^^^^^^^^^^^^^^^^^^^
...
312 |     pub fn resource_exhausted(msg: impl Into<String>) -> Self {
    |     ^^^^^^^^^^^^^^^^^^^^^^^^^^^^^^^^^^^^^^^^^^^^^^^^^^^^^^^^^
...
318 |     pub fn serialization_failed(msg: impl Into<String>) -> Self {
    |     ^^^^^^^^^^^^^^^^^^^^^^^^^^^^^^^^^^^^^^^^^^^^^^^^^^^^^^^^^^^
...
324 |     pub fn io_failed(msg: impl Into<String>) -> Self {
    |     ^^^^^^^^^^^^^^^^^^^^^^^^^^^^^^^^^^^^^^^^^^^^^^^^
help: there is an associated function `timing_error` with a similar name
   --> src/cache/traits/types_and_enums.rs:336:5
    |
336 |     pub fn timing_error(msg: impl Into<String>) -> Self {
    |     ^^^^^^^^^^^^^^^^^^^^^^^^^^^^^^^^^^^^^^^^^^^^^^^^^^^
help: there is a variant with a similar name
    |
364 -         .map_err(|_| CacheOperationError::timeout_error())?
364 +         .map_err(|_| CacheOperationError::TimeoutError)?
    |

error[E0277]: the trait bound `AtomicUsize: Clone` is not satisfied
  --> src/cache/memory/pool_manager/individual_pool.rs:23:5
   |
16 | #[derive(Debug, Clone)]
   |                 ----- in this derive macro expansion
...
23 |     max_capacity: AtomicUsize,
   |     ^^^^^^^^^^^^^^^^^^^^^^^^^ the trait `Clone` is not implemented for `AtomicUsize`

error[E0277]: the trait bound `AtomicUsize: Clone` is not satisfied
  --> src/cache/memory/pool_manager/individual_pool.rs:25:5
   |
16 | #[derive(Debug, Clone)]
   |                 ----- in this derive macro expansion
...
25 |     current_utilization: CachePadded<AtomicUsize>,
   |     ^^^^^^^^^^^^^^^^^^^^^^^^^^^^^^^^^^^^^^^^^^^^^ the trait `Clone` is not implemented for `AtomicUsize`
   |
   = note: required for `crossbeam_utils::CachePadded<AtomicUsize>` to implement `Clone`

error[E0277]: the trait bound `AtomicPtr<PoolEntry>: Clone` is not satisfied
  --> src/cache/memory/pool_manager/individual_pool.rs:27:5
   |
16 | #[derive(Debug, Clone)]
   |                 ----- in this derive macro expansion
...
27 |     free_list_head: AtomicPtr<PoolEntry>,
   |     ^^^^^^^^^^^^^^^^^^^^^^^^^^^^^^^^^^^^ the trait `Clone` is not implemented for `AtomicPtr<PoolEntry>`

error[E0277]: the trait bound `PoolAllocationStats: Clone` is not satisfied
  --> src/cache/memory/pool_manager/individual_pool.rs:29:5
   |
16 | #[derive(Debug, Clone)]
   |                 ----- in this derive macro expansion
...
29 |     pool_allocation_stats: PoolAllocationStats,
   |     ^^^^^^^^^^^^^^^^^^^^^^^^^^^^^^^^^^^^^^^^^^ the trait `Clone` is not implemented for `PoolAllocationStats`

error[E0277]: the trait bound `PoolStatistics: Clone` is not satisfied
  --> src/cache/memory/pool_manager/manager.rs:23:5
   |
14 | #[derive(Debug, Clone)]
   |                 ----- in this derive macro expansion
...
23 |     pool_stats: PoolStatistics,
   |     ^^^^^^^^^^^^^^^^^^^^^^^^^^ the trait `Clone` is not implemented for `PoolStatistics`

error[E0277]: the trait bound `PoolConfiguration: Clone` is not satisfied
  --> src/cache/memory/pool_manager/manager.rs:25:5
   |
14 | #[derive(Debug, Clone)]
   |                 ----- in this derive macro expansion
...
25 |     pool_config: PoolConfiguration,
   |     ^^^^^^^^^^^^^^^^^^^^^^^^^^^^^^ the trait `Clone` is not implemented for `PoolConfiguration`
   |
help: consider annotating `PoolConfiguration` with `#[derive(Clone)]`
  --> src/cache/memory/pool_manager/configuration.rs:8:1
   |
 8 + #[derive(Clone)]
 9 | pub struct PoolConfiguration {
   |

error[E0308]: mismatched types
   --> src/cache/memory/pool_manager/manager.rs:157:13
    |
157 |             self.small_pool.get_utilization_percentage(),
    |             ^^^^^^^^^^^^^^^^^^^^^^^^^^^^^^^^^^^^^^^^^^^^ expected `f32`, found `u32`
    |
help: you can cast a `u32` to an `f32`, producing the floating point representation of the integer, rounded if necessary
    |
157 |             self.small_pool.get_utilization_percentage() as f32,
    |                                                          ++++++

error[E0308]: mismatched types
  --> src/cache/memory/pressure_monitor.rs:28:5
   |
17 |   pub fn create_advanced_pressure_monitor(config: &CacheConfig) -> Result<MemoryPressureMonitor, CacheOperationError> {
   |                                                                    -------------------------------------------------- expected `Result<MemoryPressureMonitor, types_and_enums::CacheOperationError>` because of return type
...
28 | /     MemoryPressureMonitor::with_thresholds(
29 | |         memory_limit, 
30 | |         thresholds, 
31 | |         config.memory_config.alert_cooldown_ms,
32 | |         config.memory_config.max_history_samples,
33 | |         config.memory_config.leak_detection_enabled
34 | |     )
   | |_____^ expected `Result<MemoryPressureMonitor, ...>`, found `MemoryPressureMonitor`
   |
   = note: expected enum `Result<MemoryPressureMonitor, types_and_enums::CacheOperationError>`
            found struct `MemoryPressureMonitor`
help: try wrapping the expression in `Ok`
   |
28 ~     Ok(MemoryPressureMonitor::with_thresholds(
29 |         memory_limit, 
...
33 |         config.memory_config.leak_detection_enabled
34 ~     ))
   |

error[E0308]: mismatched types
  --> src/cache/memory/pressure_monitor.rs:40:5
   |
38 | pub fn create_default_pressure_monitor() -> Result<MemoryPressureMonitor, CacheOperationError> {
   |                                             -------------------------------------------------- expected `Result<MemoryPressureMonitor, types_and_enums::CacheOperationError>` because of return type
39 |     let memory_limit = 1024 * 1024 * 1024; // 1GB default
40 |     MemoryPressureMonitor::new(memory_limit)
   |     ^^^^^^^^^^^^^^^^^^^^^^^^^^^^^^^^^^^^^^^^ expected `Result<MemoryPressureMonitor, ...>`, found `MemoryPressureMonitor`
   |
   = note: expected enum `Result<MemoryPressureMonitor, types_and_enums::CacheOperationError>`
            found struct `MemoryPressureMonitor`
help: try wrapping the expression in `Ok`
   |
40 |     Ok(MemoryPressureMonitor::new(memory_limit))
   |     +++                                        +

error[E0599]: no variant or associated item named `Internal` found for enum `types_and_enums::CacheOperationError` in the current scope
   --> src/cache/memory/mod.rs:234:47
    |
234 |             .map_err(|_| CacheOperationError::Internal("Failed to send monitoring task".into()))
    |                                               ^^^^^^^^ variant or associated item not found in `types_and_enums::CacheOperationError`
    |
   ::: src/cache/traits/types_and_enums.rs:235:1
    |
235 | pub enum CacheOperationError {
    | ---------------------------- variant or associated item `Internal` not found for this enum
    |
note: if you're trying to build a new `types_and_enums::CacheOperationError` consider using one of the following associated functions:
      types_and_enums::CacheOperationError::invalid_state
      types_and_enums::CacheOperationError::resource_exhausted
      types_and_enums::CacheOperationError::serialization_failed
      types_and_enums::CacheOperationError::io_failed
      and 6 others
   --> src/cache/traits/types_and_enums.rs:306:5
    |
306 |     pub fn invalid_state(msg: impl Into<String>) -> Self {
    |     ^^^^^^^^^^^^^^^^^^^^^^^^^^^^^^^^^^^^^^^^^^^^^^^^^^^^
...
312 |     pub fn resource_exhausted(msg: impl Into<String>) -> Self {
    |     ^^^^^^^^^^^^^^^^^^^^^^^^^^^^^^^^^^^^^^^^^^^^^^^^^^^^^^^^^
...
318 |     pub fn serialization_failed(msg: impl Into<String>) -> Self {
    |     ^^^^^^^^^^^^^^^^^^^^^^^^^^^^^^^^^^^^^^^^^^^^^^^^^^^^^^^^^^^
...
324 |     pub fn io_failed(msg: impl Into<String>) -> Self {
    |     ^^^^^^^^^^^^^^^^^^^^^^^^^^^^^^^^^^^^^^^^^^^^^^^^

error[E0560]: struct `SyncStatsSnapshot` has no field named `timestamp_ns`
   --> src/cache/tier/cold/compaction_system.rs:338:13
    |
338 |             timestamp_ns: now_ns,
    |             ^^^^^^^^^^^^ `SyncStatsSnapshot` does not have this field
    |
    = note: available fields are: `total_sync_tasks`, `total_cleanup_operations`, `total_compactions`, `failed_operations`, `items_cleaned_up`

error[E0560]: struct `SyncStatsSnapshot` has no field named `entries_synced`
   --> src/cache/tier/cold/compaction_system.rs:339:13
    |
339 |             entries_synced: 0, // Recovery system doesn't track file compaction stats
    |             ^^^^^^^^^^^^^^ `SyncStatsSnapshot` does not have this field
    |
    = note: available fields are: `total_sync_tasks`, `total_cleanup_operations`, `total_compactions`, `failed_operations`, `items_cleaned_up`

error[E0560]: struct `SyncStatsSnapshot` has no field named `bytes_synced`
   --> src/cache/tier/cold/compaction_system.rs:340:13
    |
340 |             bytes_synced: 0,   // Recovery system doesn't track bytes reclaimed stats
    |             ^^^^^^^^^^^^ `SyncStatsSnapshot` does not have this field
    |
    = note: available fields are: `total_sync_tasks`, `total_cleanup_operations`, `total_compactions`, `failed_operations`, `items_cleaned_up`

error[E0560]: struct `SyncStatsSnapshot` has no field named `sync_duration_ns`
   --> src/cache/tier/cold/compaction_system.rs:341:13
    |
341 |             sync_duration_ns,
    |             ^^^^^^^^^^^^^^^^ `SyncStatsSnapshot` does not have this field
    |
    = note: available fields are: `total_sync_tasks`, `total_cleanup_operations`, `total_compactions`, `failed_operations`, `items_cleaned_up`

error[E0560]: struct `SyncStatsSnapshot` has no field named `avg_entry_size`
   --> src/cache/tier/cold/compaction_system.rs:342:13
    |
342 |             avg_entry_size: 0, // Not applicable for recovery checkpoints
    |             ^^^^^^^^^^^^^^ `SyncStatsSnapshot` does not have this field
    |
    = note: available fields are: `total_sync_tasks`, `total_cleanup_operations`, `total_compactions`, `failed_operations`, `items_cleaned_up`

error[E0560]: struct `SyncStatsSnapshot` has no field named `sync_throughput_mbps`
   --> src/cache/tier/cold/compaction_system.rs:343:13
    |
343 |             sync_throughput_mbps: 0.0, // Not applicable for recovery checkpoints
    |             ^^^^^^^^^^^^^^^^^^^^ `SyncStatsSnapshot` does not have this field
    |
    = note: available fields are: `total_sync_tasks`, `total_cleanup_operations`, `total_compactions`, `failed_operations`, `items_cleaned_up`

error[E0599]: no function or associated item named `new` found for struct `cold::data_structures::CompressionEngine` in the current scope
   --> src/cache/tier/cold/compression.rs:47:32
    |
 47 |         let mut engine = Self::new(6); // Default compression level
    |                                ^^^ function or associated item not found in `cold::data_structures::CompressionEngine`
    |
   ::: src/cache/tier/cold/data_structures.rs:102:1
    |
102 | pub struct CompressionEngine {
    | ---------------------------- function or associated item `new` not found for this struct
    |
note: if you're trying to build a new `cold::data_structures::CompressionEngine`, consider using `compression::<impl cold::data_structures::CompressionEngine>::with_config` which returns `cold::data_structures::CompressionEngine`
   --> src/cache/tier/cold/compression.rs:46:5
    |
 46 |     pub fn with_config(config: CompressionConfig) -> Self {
    |     ^^^^^^^^^^^^^^^^^^^^^^^^^^^^^^^^^^^^^^^^^^^^^^^^^^^^^
    = help: items from traits can only be used if the trait is implemented and in scope
    = note: the following traits define an item `new`, perhaps you need to implement one of them:
            candidate #1: `Allocable`
            candidate #2: `AnyBoxConstructor`
            candidate #3: `HashMapExt`
            candidate #4: `HashSetExt`
            candidate #5: `UniformSampler`
            candidate #6: `parking_lot_core::thread_parker::ThreadParkerT`

error[E0599]: no method named `set_algorithm` found for reference `&cold::data_structures::CompressionEngine` in the current scope
  --> src/cache/tier/cold/compression.rs:81:14
   |
81 |         self.set_algorithm(config.algorithm);
   |              ^^^^^^^^^^^^^
   |
help: there is a method `select_algorithm` with a similar name
   |
81 |         self.select_algorithm(config.algorithm);
   |                +++

error[E0599]: no method named `update_thresholds` found for reference `&cold::data_structures::CompressionEngine` in the current scope
  --> src/cache/tier/cold/compression.rs:82:14
   |
82 |         self.update_thresholds(
   |         -----^^^^^^^^^^^^^^^^^ method not found in `&cold::data_structures::CompressionEngine`

error[E0599]: no method named `get_algorithm` found for reference `&cold::data_structures::CompressionEngine` in the current scope
  --> src/cache/tier/cold/compression.rs:93:29
   |
93 |             algorithm: self.get_algorithm(),
   |                             ^^^^^^^^^^^^^
   |
help: there is a method `adapt_algorithm` with a similar name
   |
93 -             algorithm: self.get_algorithm(),
93 +             algorithm: self.adapt_algorithm(),
   |

error[E0308]: mismatched types
   --> src/cache/tier/cold/compression_engine.rs:346:13
    |
346 |         for (&algorithm, metrics) in &self.algorithm_metrics {
    |             ^^^^^^^^^^^^^^^^^^^^^    ----------------------- this is an iterator with items of type `dashmap::mapref::multiple::RefMulti<'_, cold::data_structures::CompressionAlgorithm, cold::data_structures::AlgorithmMetrics>`
    |             |
    |             expected `RefMulti<'_, CompressionAlgorithm, ...>`, found `(_, _)`
    |
    = note: expected struct `dashmap::mapref::multiple::RefMulti<'_, cold::data_structures::CompressionAlgorithm, cold::data_structures::AlgorithmMetrics>`
                found tuple `(_, _)`

error[E0308]: mismatched types
   --> src/cache/tier/cold/compression_engine.rs:426:13
    |
426 |         for (&algorithm, metrics) in &self.algorithm_metrics {
    |             ^^^^^^^^^^^^^^^^^^^^^    ----------------------- this is an iterator with items of type `dashmap::mapref::multiple::RefMulti<'_, cold::data_structures::CompressionAlgorithm, cold::data_structures::AlgorithmMetrics>`
    |             |
    |             expected `RefMulti<'_, CompressionAlgorithm, ...>`, found `(_, _)`
    |
    = note: expected struct `dashmap::mapref::multiple::RefMulti<'_, cold::data_structures::CompressionAlgorithm, cold::data_structures::AlgorithmMetrics>`
                found tuple `(_, _)`

error[E0308]: mismatched types
   --> src/cache/tier/cold/compression_engine.rs:441:13
    |
441 |         for (&algorithm, metrics) in &self.algorithm_metrics {
    |             ^^^^^^^^^^^^^^^^^^^^^    ----------------------- this is an iterator with items of type `dashmap::mapref::multiple::RefMulti<'_, cold::data_structures::CompressionAlgorithm, cold::data_structures::AlgorithmMetrics>`
    |             |
    |             expected `RefMulti<'_, CompressionAlgorithm, ...>`, found `(_, _)`
    |
    = note: expected struct `dashmap::mapref::multiple::RefMulti<'_, cold::data_structures::CompressionAlgorithm, cold::data_structures::AlgorithmMetrics>`
                found tuple `(_, _)`

error[E0308]: mismatched types
   --> src/cache/tier/cold/compression_engine.rs:456:13
    |
456 |         for (&algorithm, metrics) in &self.algorithm_metrics {
    |             ^^^^^^^^^^^^^^^^^^^^^    ----------------------- this is an iterator with items of type `dashmap::mapref::multiple::RefMulti<'_, cold::data_structures::CompressionAlgorithm, cold::data_structures::AlgorithmMetrics>`
    |             |
    |             expected `RefMulti<'_, CompressionAlgorithm, ...>`, found `(_, _)`
    |
    = note: expected struct `dashmap::mapref::multiple::RefMulti<'_, cold::data_structures::CompressionAlgorithm, cold::data_structures::AlgorithmMetrics>`
                found tuple `(_, _)`

error[E0599]: no function or associated item named `new` found for struct `cold::data_structures::CompressionEngine` in the current scope
   --> src/cache/tier/cold/core/initialization.rs:36:53
    |
 36 |         let compression_engine = CompressionEngine::new(config.compression_level);
    |                                                     ^^^ function or associated item not found in `cold::data_structures::CompressionEngine`
    |
   ::: src/cache/tier/cold/data_structures.rs:102:1
    |
102 | pub struct CompressionEngine {
    | ---------------------------- function or associated item `new` not found for this struct
    |
note: if you're trying to build a new `cold::data_structures::CompressionEngine`, consider using `compression::<impl cold::data_structures::CompressionEngine>::with_config` which returns `cold::data_structures::CompressionEngine`
   --> src/cache/tier/cold/compression.rs:46:5
    |
 46 |     pub fn with_config(config: CompressionConfig) -> Self {
    |     ^^^^^^^^^^^^^^^^^^^^^^^^^^^^^^^^^^^^^^^^^^^^^^^^^^^^^
    = help: items from traits can only be used if the trait is implemented and in scope
    = note: the following traits define an item `new`, perhaps you need to implement one of them:
            candidate #1: `Allocable`
            candidate #2: `AnyBoxConstructor`
            candidate #3: `HashMapExt`
            candidate #4: `HashSetExt`
            candidate #5: `UniformSampler`
            candidate #6: `parking_lot_core::thread_parker::ThreadParkerT`

error[E0308]: mismatched types
  --> src/cache/tier/cold/core/operations.rs:56:76
   |
56 | ...                   self.update_access_metadata(&cold_key, &index_entry);
   |                            ----------------------            ^^^^^^^^^^^^ types differ in mutability
   |                            |
   |                            arguments to this method are incorrect
   |
   = note: expected mutable reference `&mut cold::data_structures::IndexEntry`
                      found reference `&cold::data_structures::IndexEntry`
note: method defined here
  --> src/cache/tier/cold/core/utilities.rs:21:19
   |
21 |     pub(super) fn update_access_metadata(&self, key: &ColdCacheKey<K>, entry: &mut IndexEntry) {
   |                   ^^^^^^^^^^^^^^^^^^^^^^                               ----------------------

error[E0599]: no method named `needs_compaction` found for reference `&PersistentColdTier<K, V>` in the current scope
  --> src/cache/tier/cold/core/utilities.rs:42:17
   |
42 |         if self.needs_compaction(fragmentation_threshold) {
   |                 ^^^^^^^^^^^^^^^^ method not found in `&PersistentColdTier<K, V>`
   |
help: one of the expressions' fields has a method of the same name
   |
42 |         if self.storage_manager.needs_compaction(fragmentation_threshold) {
   |                 ++++++++++++++++

error[E0599]: no method named `get_maintenance_scheduler` found for reference `&PersistentColdTier<K, V>` in the current scope
  --> src/cache/tier/cold/core/utilities.rs:44:43
   |
44 |             if let Some(scheduler) = self.get_maintenance_scheduler() {
   |                                           ^^^^^^^^^^^^^^^^^^^^^^^^^ method not found in `&PersistentColdTier<K, V>`

error[E0599]: no method named `validate_integrity` found for struct `cold::data_structures::StorageManager` in the current scope
  --> src/cache/tier/cold/core/utilities.rs:68:30
   |
68 |         self.storage_manager.validate_integrity()
   |                              ^^^^^^^^^^^^^^^^^^ method not found in `cold::data_structures::StorageManager`
   |
  ::: src/cache/tier/cold/data_structures.rs:80:1
   |
80 | pub struct StorageManager {
   | ------------------------- method `validate_integrity` not found for this struct

error[E0277]: the trait bound `V: Encode` is not satisfied
  --> src/cache/tier/cold/serialization/binary_format.rs:33:19
   |
33 |     encode_to_vec(value, config::standard()).map_err(|e| format!("Bincode serialization failed: {}", e))
   |     ------------- ^^^^^ the trait `Encode` is not implemented for `V`
   |     |
   |     required by a bound introduced by this call
   |
   = note: required for `&V` to implement `Encode`
note: required by a bound in `encode_to_vec`
  --> /Users/davidmaple/.cargo/registry/src/index.crates.io-1949cf8c6b5b557f/bincode-2.0.1/src/features/impl_alloc.rs:54:25
   |
54 | pub fn encode_to_vec<E: enc::Encode, C: Config>(val: E, config: C) -> Result<Vec<u8>, EncodeError> {
   |                         ^^^^^^^^^^^ required by this bound in `encode_to_vec`
help: consider further restricting type parameter `V` with trait `Encode`
   |
32 | fn serialize_with_bincode<V: Serialize + bincode::Encode>(value: &V) -> Result<Vec<u8>, String> {
   |                                        +++++++++++++++++

error[E0277]: the trait bound `V: Decode<()>` is not satisfied
   --> src/cache/tier/cold/serialization/binary_format.rs:47:5
    |
 47 |     decode_from_slice(data, config::standard())
    |     ^^^^^^^^^^^^^^^^^^^^^^^^^^^^^^^^^^^^^^^^^^^ the trait `Decode<()>` is not implemented for `V`
    |
note: required by a bound in `decode_from_slice`
   --> /Users/davidmaple/.cargo/registry/src/index.crates.io-1949cf8c6b5b557f/bincode-2.0.1/src/lib.rs:148:29
    |
148 | pub fn decode_from_slice<D: de::Decode<()>, C: Config>(
    |                             ^^^^^^^^^^^^^^ required by this bound in `decode_from_slice`
help: consider further restricting type parameter `V` with trait `Decode`
    |
 46 | fn deserialize_with_bincode<V: DeserializeOwned + bincode::Decode<()>>(data: &[u8]) -> Result<V, String> {
    |                                                 +++++++++++++++++++++

error[E0277]: the trait bound `V: Encode` is not satisfied
  --> src/cache/tier/cold/serialization/binary_format.rs:71:41
   |
71 |     let serialized_data = encode_to_vec(value, config::standard()).map_err(|e| {
   |                           ------------- ^^^^^ the trait `Encode` is not implemented for `V`
   |                           |
   |                           required by a bound introduced by this call
   |
   = note: required for `&V` to implement `Encode`
note: required by a bound in `encode_to_vec`
  --> /Users/davidmaple/.cargo/registry/src/index.crates.io-1949cf8c6b5b557f/bincode-2.0.1/src/features/impl_alloc.rs:54:25
   |
54 | pub fn encode_to_vec<E: enc::Encode, C: Config>(val: E, config: C) -> Result<Vec<u8>, EncodeError> {
   |                         ^^^^^^^^^^^ required by this bound in `encode_to_vec`
help: consider further restricting type parameter `V` with trait `Encode`
   |
63 | pub fn serialize_cache_value<V: CacheValue + Serialize + bincode::Encode>(
   |                                                        +++++++++++++++++

error[E0061]: this function takes 2 arguments but 1 argument was supplied
   --> src/cache/tier/cold/storage.rs:191:15
    |
191 |         match PersistentColdTier::get(key) {
    |               ^^^^^^^^^^^^^^^^^^^^^^^ --- argument #1 of type `&PersistentColdTier<_, _>` is missing
    |
note: method defined here
   --> src/cache/tier/cold/core/operations.rs:24:12
    |
 24 |     pub fn get(&self, key: &K) -> Option<V> {
    |            ^^^ -----
help: provide the argument
    |
191 |         match PersistentColdTier::get(/* value */, key) {
    |                                       ++++++++++++

error[E0308]: mismatched types
   --> src/cache/tier/cold/storage.rs:192:13
    |
191 |         match PersistentColdTier::get(key) {
    |               ---------------------------- this expression has type `std::option::Option<_>`
192 |             Ok(Some(value)) => {
    |             ^^^^^^^^^^^^^^^ expected `Option<_>`, found `Result<_, _>`
    |
    = note: expected enum `std::option::Option<_>`
               found enum `Result<_, _>`
help: try wrapping the pattern in `Some`
    |
192 |             Some(Ok(Some(value))) => {
    |             +++++               +

error[E0308]: mismatched types
   --> src/cache/tier/cold/storage.rs:196:13
    |
191 |         match PersistentColdTier::get(key) {
    |               ---------------------------- this expression has type `std::option::Option<_>`
...
196 |             Ok(None) => {
    |             ^^^^^^^^ expected `Option<_>`, found `Result<_, _>`
    |
    = note: expected enum `std::option::Option<_>`
               found enum `Result<_, _>`
help: try wrapping the pattern in `Some`
    |
196 |             Some(Ok(None)) => {
    |             +++++        +

error[E0308]: mismatched types
   --> src/cache/tier/cold/storage.rs:200:13
    |
191 |         match PersistentColdTier::get(key) {
    |               ---------------------------- this expression has type `std::option::Option<_>`
...
200 |             Err(e) => {
    |             ^^^^^^ expected `Option<_>`, found `Result<_, _>`
    |
    = note: expected enum `std::option::Option<_>`
               found enum `Result<_, _>`
help: try wrapping the pattern in `Some`
    |
200 |             Some(Err(e)) => {
    |             +++++      +

error[E0277]: the trait bound `V: traits::core::CacheKey` is not satisfied
   --> src/cache/tier/cold/storage.rs:212:22
    |
212 |         let result = PersistentColdTier::put(key, value);
    |                      ^^^^^^^^^^^^^^^^^^^^^^^ the trait `traits::core::CacheKey` is not implemented for `V`
    |
note: required by a bound in `cold::core::operations::<impl PersistentColdTier<K, V>>::put`
   --> src/cache/tier/cold/core/operations.rs:20:9
    |
 20 | impl<K: CacheKey, V: CacheValue + serde::Serialize + serde::de::DeserializeOwned + bincode::Decode<()> + bincode::Encode>
    |         ^^^^^^^^ required by this bound in `cold::core::operations::<impl PersistentColdTier<K, V>>::put`
...
 97 |     pub fn put(&mut self, key: K, value: V) -> Result<(), CacheOperationError> {
    |            --- required by a bound in this associated function
help: consider further restricting type parameter `V` with trait `CacheKey`
    |
 98 | impl<K: CacheKey, V: CacheValue + cache::traits::core::CacheKey> ColdTierCache<K, V> {
    |                                 +++++++++++++++++++++++++++++++

error[E0061]: this function takes 3 arguments but 2 arguments were supplied
   --> src/cache/tier/cold/storage.rs:212:22
    |
212 |         let result = PersistentColdTier::put(key, value);
    |                      ^^^^^^^^^^^^^^^^^^^^^^^ --- argument #1 of type `&mut PersistentColdTier<V, _>` is missing
    |
note: method defined here
   --> src/cache/tier/cold/core/operations.rs:97:12
    |
 97 |     pub fn put(&mut self, key: K, value: V) -> Result<(), CacheOperationError> {
    |            ^^^ ---------
help: provide the argument
    |
212 -         let result = PersistentColdTier::put(key, value);
212 +         let result = PersistentColdTier::put(/* value */, value, key);
    |

error[E0624]: method `remove_expired_entries` is private
   --> src/cache/tier/cold/storage.rs:245:39
    |
245 |           let removed_count = optimizer.remove_expired_entries(self)?;
    |                                         ^^^^^^^^^^^^^^^^^^^^^^ private method
    |
   ::: src/cache/tier/cold/optimization.rs:140:5
    |
140 | /     fn remove_expired_entries<
141 | |         K: crate::cache::traits::CacheKey,
142 | |         V: crate::cache::traits::CacheValue,
143 | |     >(
144 | |         &self,
145 | |         cache: &ColdTierCache<K, V>,
146 | |     ) -> Result<usize, CacheOperationError> {
    | |___________________________________________- private method defined here

error[E0061]: this method takes 1 argument but 0 arguments were supplied
   --> src/cache/tier/cold/storage_manager.rs:202:39
    |
202 |             fragmentation_ratio: self.calculate_fragmentation_ratio(),
    |                                       ^^^^^^^^^^^^^^^^^^^^^^^^^^^^^-- argument #1 of type `&ColdTierCache<_, _>` is missing
    |
note: method defined here
   --> src/cache/tier/cold/storage_manager.rs:207:8
    |
207 |     fn calculate_fragmentation_ratio<K: crate::cache::traits::CacheKey, V: crate::cache::traits::CacheValue>(
    |        ^^^^^^^^^^^^^^^^^^^^^^^^^^^^^
208 |         &self, 
209 |         cache: &crate::cache::tier::cold::storage::ColdTierCache<K, V>
    |         --------------------------------------------------------------
help: provide the argument
    |
202 |             fragmentation_ratio: self.calculate_fragmentation_ratio(/* cache */),
    |                                                                     +++++++++++

error[E0308]: mismatched types
   --> src/cache/tier/cold/storage_manager.rs:202:34
    |
202 |             fragmentation_ratio: self.calculate_fragmentation_ratio(),
    |                                  ^^^^^^^^^^^^^^^^^^^^^^^^^^^^^^^^^^^^ expected `f32`, found `Result<f32, CacheOperationError>`
    |
    = note: expected type `f32`
               found enum `Result<f32, types_and_enums::CacheOperationError>`
help: consider using `Result::expect` to unwrap the `Result<f32, types_and_enums::CacheOperationError>` value, panicking if the value is a `Result::Err`
    |
202 |             fragmentation_ratio: self.calculate_fragmentation_ratio().expect("REASON"),
    |                                                                      +++++++++++++++++

error[E0277]: `?` couldn't convert the error to `types_and_enums::CacheOperationError`
   --> src/cache/tier/cold/mod.rs:144:22
    |
142 |                       tier.compaction_system.schedule_compaction(
    |  ____________________________________________-
143 | |                         CompactionTask::CompactData
144 | |                     )?;
    | |                     -^ the trait `From<CompactionError>` is not implemented for `types_and_enums::CacheOperationError`
    | |_____________________|
    |                       this can't be annotated with `?` because it has type `Result<_, CompactionError>`
    |
note: `types_and_enums::CacheOperationError` needs to implement `From<CompactionError>`
   --> src/cache/traits/types_and_enums.rs:235:1
    |
235 | pub enum CacheOperationError {
    | ^^^^^^^^^^^^^^^^^^^^^^^^^^^^
note: alternatively, `CompactionError` needs to implement `Into<types_and_enums::CacheOperationError>`
   --> src/cache/tier/cold/compaction_system.rs:410:1
    |
410 | pub enum CompactionError {
    | ^^^^^^^^^^^^^^^^^^^^^^^^
    = note: the question mark operation (`?`) implicitly performs a conversion on the error value using the `From` trait
    = help: the following other types implement trait `From<T>`:
              `types_and_enums::CacheOperationError` implements `From<AnalyzerError>`
              `types_and_enums::CacheOperationError` implements `From<HotTierError>`
              `types_and_enums::CacheOperationError` implements `From<results::CacheError>`

error[E0277]: `?` couldn't convert the error to `types_and_enums::CacheOperationError`
   --> src/cache/tier/cold/mod.rs:150:22
    |
148 |                       tier.compaction_system.schedule_compaction(
    |  ____________________________________________-
149 | |                         CompactionTask::OptimizeCompression
150 | |                     )?;
    | |                     -^ the trait `From<CompactionError>` is not implemented for `types_and_enums::CacheOperationError`
    | |_____________________|
    |                       this can't be annotated with `?` because it has type `Result<_, CompactionError>`
    |
note: `types_and_enums::CacheOperationError` needs to implement `From<CompactionError>`
   --> src/cache/traits/types_and_enums.rs:235:1
    |
235 | pub enum CacheOperationError {
    | ^^^^^^^^^^^^^^^^^^^^^^^^^^^^
note: alternatively, `CompactionError` needs to implement `Into<types_and_enums::CacheOperationError>`
   --> src/cache/tier/cold/compaction_system.rs:410:1
    |
410 | pub enum CompactionError {
    | ^^^^^^^^^^^^^^^^^^^^^^^^
    = note: the question mark operation (`?`) implicitly performs a conversion on the error value using the `From` trait
    = help: the following other types implement trait `From<T>`:
              `types_and_enums::CacheOperationError` implements `From<AnalyzerError>`
              `types_and_enums::CacheOperationError` implements `From<HotTierError>`
              `types_and_enums::CacheOperationError` implements `From<results::CacheError>`

error[E0277]: `F` cannot be sent between threads safely
   --> src/cache/tier/cold/mod.rs:200:13
    |
187 |         let op = Box::new(move |tier_any: &mut dyn std::any::Any| -> Vec<u8> {
    |                           -------------------------------------------------- within this `{closure@src/cache/tier/cold/mod.rs:187:27: 187:77}`
...
200 |             op,
    |             ^^ `F` cannot be sent between threads safely
    |
note: required because it's used within this closure
   --> src/cache/tier/cold/mod.rs:187:27
    |
187 |         let op = Box::new(move |tier_any: &mut dyn std::any::Any| -> Vec<u8> {
    |                           ^^^^^^^^^^^^^^^^^^^^^^^^^^^^^^^^^^^^^^^^^^^^^^^^^^
    = note: required for the cast from `Box<{closure@src/cache/tier/cold/mod.rs:187:27: 187:77}>` to `Box<(dyn for<'a> FnOnce(&'a mut (dyn Any + 'static)) -> Vec<u8> + Send + 'static)>`
help: consider further restricting type parameter `F` with trait `Send`
    |
181 |         F: FnOnce(&mut PersistentColdTier<K, V>) -> Result<R, CacheOperationError> + std::marker::Send,
    |                                                                                    +++++++++++++++++++

error[E0277]: `F` cannot be sent between threads safely
   --> src/cache/tier/cold/mod.rs:234:13
    |
221 |         let op = Box::new(move |tier_any: &dyn std::any::Any| -> Vec<u8> {
    |                           ---------------------------------------------- within this `{closure@src/cache/tier/cold/mod.rs:221:27: 221:73}`
...
234 |             op,
    |             ^^ `F` cannot be sent between threads safely
    |
note: required because it's used within this closure
   --> src/cache/tier/cold/mod.rs:221:27
    |
221 |         let op = Box::new(move |tier_any: &dyn std::any::Any| -> Vec<u8> {
    |                           ^^^^^^^^^^^^^^^^^^^^^^^^^^^^^^^^^^^^^^^^^^^^^^
    = note: required for the cast from `Box<{closure@src/cache/tier/cold/mod.rs:221:27: 221:73}>` to `Box<(dyn for<'a> FnOnce(&'a (dyn Any + 'static)) -> Vec<u8> + Send + 'static)>`
help: consider further restricting type parameter `F` with trait `Send`
    |
215 |         F: FnOnce(&PersistentColdTier<K, V>) -> Result<R, CacheOperationError> + std::marker::Send,
    |                                                                                +++++++++++++++++++

error[E0277]: the trait bound `V: Encode` is not satisfied
   --> src/cache/tier/cold/mod.rs:279:48
    |
279 |     coordinator.execute_read_operation::<K, V, Option<V>, _>(|tier| Ok(tier.get(key)))
    |                 ----------------------         ^^^^^^^^^ the trait `Encode` is not implemented for `V`
    |                 |
    |                 required by a bound introduced by this call
    |
    = note: required for `std::option::Option<V>` to implement `Encode`
note: required by a bound in `ColdTierCoordinator::execute_read_operation`
   --> src/cache/tier/cold/mod.rs:216:12
    |
211 |     pub fn execute_read_operation<K, V, R, F>(&self, operation: F) -> Result<R, CacheOperationError>
    |            ---------------------- required by a bound in this associated function
...
216 |         R: Encode + Decode<()> + 'static,
    |            ^^^^^^ required by this bound in `ColdTierCoordinator::execute_read_operation`
help: consider further restricting type parameter `V` with trait `Encode`
    |
275 | pub fn cold_get<K: CacheKey + 'static, V: CacheValue + serde::de::DeserializeOwned + 'static + bincode::Encode>(
    |                                                                                              +++++++++++++++++

error[E0277]: the trait bound `V: Decode<()>` is not satisfied
   --> src/cache/tier/cold/mod.rs:279:48
    |
279 |     coordinator.execute_read_operation::<K, V, Option<V>, _>(|tier| Ok(tier.get(key)))
    |                 ----------------------         ^^^^^^^^^ the trait `Decode<()>` is not implemented for `V`
    |                 |
    |                 required by a bound introduced by this call
    |
    = note: required for `std::option::Option<V>` to implement `Decode<()>`
note: required by a bound in `ColdTierCoordinator::execute_read_operation`
   --> src/cache/tier/cold/mod.rs:216:21
    |
211 |     pub fn execute_read_operation<K, V, R, F>(&self, operation: F) -> Result<R, CacheOperationError>
    |            ---------------------- required by a bound in this associated function
...
216 |         R: Encode + Decode<()> + 'static,
    |                     ^^^^^^^^^^ required by this bound in `ColdTierCoordinator::execute_read_operation`
help: consider further restricting type parameter `V` with trait `Decode`
    |
275 | pub fn cold_get<K: CacheKey + 'static, V: CacheValue + serde::de::DeserializeOwned + 'static + bincode::Decode<()>>(
    |                                                                                              +++++++++++++++++++++

error[E0599]: the method `get` exists for reference `&PersistentColdTier<K, V>`, but its trait bounds were not satisfied
   --> src/cache/tier/cold/mod.rs:279:77
    |
279 |     coordinator.execute_read_operation::<K, V, Option<V>, _>(|tier| Ok(tier.get(key)))
    |                                                                             ^^^ method cannot be called on `&PersistentColdTier<K, V>` due to unsatisfied trait bounds
    |
note: the following trait bounds were not satisfied:
      `V: Decode<()>`
      `V: Encode`
   --> src/cache/tier/cold/core/operations.rs:20:84
    |
 20 | impl<K: CacheKey, V: CacheValue + serde::Serialize + serde::de::DeserializeOwned + bincode::Decode<()> + bincode::Encode>
    |                                                                                    ^^^^^^^^^^^^^^^^^^^   ^^^^^^^^^^^^^^^ unsatisfied trait bound introduced here
    |                                                                                    |
    |                                                                                    unsatisfied trait bound introduced here
 21 |     PersistentColdTier<K, V>
    |     ------------------------
    = help: items from traits can only be used if the trait is implemented and in scope
    = note: the following traits define an item `get`, perhaps you need to implement one of them:
            candidate #1: `traits::core::CacheTier`
            candidate #2: `SliceIndex`
            candidate #3: `toml_parser::source::SourceIndex`

error[E0277]: the trait bound `cache::types::statistics::tier_stats::TierStatistics: Encode` is not satisfied
   --> src/cache/tier/cold/mod.rs:286:48
    |
286 |     coordinator.execute_read_operation::<K, V, crate::cache::types::TierStatistics, _>(|tier| {
    |                 ----------------------         ^^^^^^^^^^^^^^^^^^^^^^^^^^^^^^^^^^^ the trait `Encode` is not implemented for `cache::types::statistics::tier_stats::TierStatistics`
    |                 |
    |                 required by a bound introduced by this call
    |
    = help: the following other types implement trait `Encode`:
              &CStr
              &Path
              &T
              ()
              (A, B)
              (A, B, C)
              (A, B, C, D)
              (A, B, C, D, E)
            and 91 others
note: required by a bound in `ColdTierCoordinator::execute_read_operation`
   --> src/cache/tier/cold/mod.rs:216:12
    |
211 |     pub fn execute_read_operation<K, V, R, F>(&self, operation: F) -> Result<R, CacheOperationError>
    |            ---------------------- required by a bound in this associated function
...
216 |         R: Encode + Decode<()> + 'static,
    |            ^^^^^^ required by this bound in `ColdTierCoordinator::execute_read_operation`

error[E0277]: the trait bound `cache::types::statistics::tier_stats::TierStatistics: Decode<()>` is not satisfied
   --> src/cache/tier/cold/mod.rs:286:48
    |
286 |     coordinator.execute_read_operation::<K, V, crate::cache::types::TierStatistics, _>(|tier| {
    |                 ----------------------         ^^^^^^^^^^^^^^^^^^^^^^^^^^^^^^^^^^^ the trait `Decode<()>` is not implemented for `cache::types::statistics::tier_stats::TierStatistics`
    |                 |
    |                 required by a bound introduced by this call
    |
    = help: the following other types implement trait `Decode<Context>`:
              `()` implements `Decode<Context>`
              `(A, B)` implements `Decode<Context>`
              `(A, B, C)` implements `Decode<Context>`
              `(A, B, C, D)` implements `Decode<Context>`
              `(A, B, C, D, E)` implements `Decode<Context>`
              `(A, B, C, D, E, F)` implements `Decode<Context>`
              `(A, B, C, D, E, F, G)` implements `Decode<Context>`
              `(A, B, C, D, E, F, G, H)` implements `Decode<Context>`
            and 92 others
note: required by a bound in `ColdTierCoordinator::execute_read_operation`
   --> src/cache/tier/cold/mod.rs:216:21
    |
211 |     pub fn execute_read_operation<K, V, R, F>(&self, operation: F) -> Result<R, CacheOperationError>
    |            ---------------------- required by a bound in this associated function
...
216 |         R: Encode + Decode<()> + 'static,
    |                     ^^^^^^^^^^ required by this bound in `ColdTierCoordinator::execute_read_operation`

error[E0599]: the method `stats` exists for reference `&PersistentColdTier<K, V>`, but its trait bounds were not satisfied
   --> src/cache/tier/cold/mod.rs:287:17
    |
287 |         Ok(tier.stats())
    |                 ^^^^^-- help: remove the arguments
    |                 |
    |                 field, not a method
    |
note: the following trait bounds were not satisfied:
      `V: Decode<()>`
      `V: Encode`
   --> src/cache/tier/cold/core/operations.rs:20:84
    |
 20 | impl<K: CacheKey, V: CacheValue + serde::Serialize + serde::de::DeserializeOwned + bincode::Decode<()> + bincode::Encode>
    |                                                                                    ^^^^^^^^^^^^^^^^^^^   ^^^^^^^^^^^^^^^ unsatisfied trait bound introduced here
    |                                                                                    |
    |                                                                                    unsatisfied trait bound introduced here
 21 |     PersistentColdTier<K, V>
    |     ------------------------
    = help: items from traits can only be used if the trait is implemented and in scope
note: `traits::core::CacheTier` defines an item `stats`, perhaps you need to implement it
   --> src/cache/traits/core.rs:157:1
    |
157 | pub trait CacheTier<K: CacheKey, V: CacheValue>: Send + Sync + Debug {
    | ^^^^^^^^^^^^^^^^^^^^^^^^^^^^^^^^^^^^^^^^^^^^^^^^^^^^^^^^^^^^^^^^^^^^

error[E0277]: the trait bound `K: Encode` is not satisfied
   --> src/cache/tier/cold/mod.rs:296:56
    |
296 |             coordinator.execute_read_operation::<K, V, Vec<K>, _>(|tier| {
    |                         ----------------------         ^^^^^^ the trait `Encode` is not implemented for `K`
    |                         |
    |                         required by a bound introduced by this call
    |
    = note: required for `Vec<K>` to implement `Encode`
note: required by a bound in `ColdTierCoordinator::execute_read_operation`
   --> src/cache/tier/cold/mod.rs:216:12
    |
211 |     pub fn execute_read_operation<K, V, R, F>(&self, operation: F) -> Result<R, CacheOperationError>
    |            ---------------------- required by a bound in this associated function
...
216 |         R: Encode + Decode<()> + 'static,
    |            ^^^^^^ required by this bound in `ColdTierCoordinator::execute_read_operation`
help: consider further restricting type parameter `K` with trait `Encode`
    |
292 | pub fn get_frequently_accessed_keys<K: CacheKey + Clone + 'static + bincode::Encode, V: CacheValue + 'static>(threshold: u32) -> Vec<K> {
    |                                                                   +++++++++++++++++

error[E0277]: the trait bound `K: Decode<()>` is not satisfied
   --> src/cache/tier/cold/mod.rs:296:56
    |
296 |             coordinator.execute_read_operation::<K, V, Vec<K>, _>(|tier| {
    |                         ----------------------         ^^^^^^ the trait `Decode<()>` is not implemented for `K`
    |                         |
    |                         required by a bound introduced by this call
    |
    = note: required for `Vec<K>` to implement `Decode<()>`
note: required by a bound in `ColdTierCoordinator::execute_read_operation`
   --> src/cache/tier/cold/mod.rs:216:21
    |
211 |     pub fn execute_read_operation<K, V, R, F>(&self, operation: F) -> Result<R, CacheOperationError>
    |            ---------------------- required by a bound in this associated function
...
216 |         R: Encode + Decode<()> + 'static,
    |                     ^^^^^^^^^^ required by this bound in `ColdTierCoordinator::execute_read_operation`
help: consider further restricting type parameter `K` with trait `Decode`
    |
292 | pub fn get_frequently_accessed_keys<K: CacheKey + Clone + 'static + bincode::Decode<()>, V: CacheValue + 'static>(threshold: u32) -> Vec<K> {
    |                                                                   +++++++++++++++++++++

error[E0599]: no method named `iter` found for struct `cold::data_structures::MetadataIndex<K>` in the current scope
   --> src/cache/tier/cold/mod.rs:297:56
    |
297 |                 let keys: Vec<K> = tier.metadata_index.iter()
    |                                                        ^^^^ method not found in `cold::data_structures::MetadataIndex<K>`
    |
   ::: src/cache/tier/cold/data_structures.rs:151:1
    |
151 | pub struct MetadataIndex<K: CacheKey> {
    | ------------------------------------- method `iter` not found for this struct
    |
    = help: items from traits can only be used if the trait is implemented and in scope
note: `traits::core::CacheTier` defines an item `iter`, perhaps you need to implement it
   --> src/cache/traits/core.rs:157:1
    |
157 | pub trait CacheTier<K: CacheKey, V: CacheValue>: Send + Sync + Debug {
    | ^^^^^^^^^^^^^^^^^^^^^^^^^^^^^^^^^^^^^^^^^^^^^^^^^^^^^^^^^^^^^^^^^^^^
help: some of the expressions' fields have a method of the same name
    |
297 |                 let keys: Vec<K> = tier.metadata_index.bloom_filter.bits.iter()
    |                                                        ++++++++++++++++++
297 |                 let keys: Vec<K> = tier.metadata_index.key_index.iter()
    |                                                        ++++++++++

error[E0308]: mismatched types
   --> src/cache/tier/cold/mod.rs:299:50
    |
292 | pub fn get_frequently_accessed_keys<K: CacheKey + Clone + 'static, V: CacheValue + 'static>(threshold: u32) -> Vec<K> {
    |                                     - expected this type parameter
...
299 |                         if entry.access_count >= threshold {
    |                                                  ^^^^^^^^^ expected type parameter `K`, found `u32`
    |
    = note: expected type parameter `K`
                         found type `u32`

error[E0599]: the method `put` exists for mutable reference `&mut PersistentColdTier<K, V>`, but its trait bounds were not satisfied
   --> src/cache/tier/cold/mod.rs:338:62
    |
338 |     coordinator.execute_operation::<K, V, (), _>(|tier| tier.put(key, value))
    |                                                              ^^^ method cannot be called on `&mut PersistentColdTier<K, V>` due to unsatisfied trait bounds
    |
note: the following trait bounds were not satisfied:
      `V: Decode<()>`
      `V: Encode`
   --> src/cache/tier/cold/core/operations.rs:20:84
    |
 20 | impl<K: CacheKey, V: CacheValue + serde::Serialize + serde::de::DeserializeOwned + bincode::Decode<()> + bincode::Encode>
    |                                                                                    ^^^^^^^^^^^^^^^^^^^   ^^^^^^^^^^^^^^^ unsatisfied trait bound introduced here
    |                                                                                    |
    |                                                                                    unsatisfied trait bound introduced here
 21 |     PersistentColdTier<K, V>
    |     ------------------------
    = help: items from traits can only be used if the trait is implemented and in scope
note: `traits::core::CacheTier` defines an item `put`, perhaps you need to implement it
   --> src/cache/traits/core.rs:157:1
    |
157 | pub trait CacheTier<K: CacheKey, V: CacheValue>: Send + Sync + Debug {
    | ^^^^^^^^^^^^^^^^^^^^^^^^^^^^^^^^^^^^^^^^^^^^^^^^^^^^^^^^^^^^^^^^^^^^

error[E0599]: the method `remove` exists for mutable reference `&mut PersistentColdTier<K, V>`, but its trait bounds were not satisfied
   --> src/cache/tier/cold/mod.rs:346:67
    |
346 |     coordinator.execute_operation::<K, V, bool, _>(|tier| Ok(tier.remove(key)))
    |                                                                   ^^^^^^ method cannot be called on `&mut PersistentColdTier<K, V>` due to unsatisfied trait bounds
    |
note: the following trait bounds were not satisfied:
      `V: Decode<()>`
      `V: Encode`
   --> src/cache/tier/cold/core/operations.rs:20:84
    |
 20 | impl<K: CacheKey, V: CacheValue + serde::Serialize + serde::de::DeserializeOwned + bincode::Decode<()> + bincode::Encode>
    |                                                                                    ^^^^^^^^^^^^^^^^^^^   ^^^^^^^^^^^^^^^ unsatisfied trait bound introduced here
    |                                                                                    |
    |                                                                                    unsatisfied trait bound introduced here
 21 |     PersistentColdTier<K, V>
    |     ------------------------
    = help: items from traits can only be used if the trait is implemented and in scope
note: `traits::core::CacheTier` defines an item `remove`, perhaps you need to implement it
   --> src/cache/traits/core.rs:157:1
    |
157 | pub trait CacheTier<K: CacheKey, V: CacheValue>: Send + Sync + Debug {
    | ^^^^^^^^^^^^^^^^^^^^^^^^^^^^^^^^^^^^^^^^^^^^^^^^^^^^^^^^^^^^^^^^^^^^

error[E0782]: expected a type, found a trait
  --> src/cache/tier/hot/eviction/engine.rs:75:23
   |
75 |                 tier: CacheTier::Hot,
   |                       ^^^^^^^^^
   |
help: you can add the `dyn` keyword if you want a trait object
   |
75 |                 tier: <dyn CacheTier>::Hot,
   |                       ++++          +

error[E0063]: missing field `entry_size` in initializer of `AccessEvent<_>`
  --> src/cache/tier/hot/eviction/engine.rs:70:25
   |
70 |             let event = AccessEvent {
   |                         ^^^^^^^^^^^ missing `entry_size`

error[E0560]: struct `candidate::EvictionCandidate<K, V>` has no field named `slot_index`
  --> src/cache/tier/hot/eviction/machine_learning.rs:32:25
   |
32 |                         slot_index: slot_idx,
   |                         ^^^^^^^^^^ `candidate::EvictionCandidate<_, _>` does not have this field
   |
   = note: all struct fields are already assigned

error[E0599]: no variant or associated item named `LowUtility` found for enum `SelectionReason` in the current scope
   --> src/cache/tier/hot/eviction/machine_learning.rs:34:50
    |
 34 |                         reason: SelectionReason::LowUtility,
    |                                                  ^^^^^^^^^^ variant or associated item not found in `SelectionReason`
    |
   ::: src/cache/traits/types_and_enums.rs:179:1
    |
179 | pub enum SelectionReason {
    | ------------------------ variant or associated item `LowUtility` not found for this enum

error[E0308]: mismatched types
  --> src/cache/tier/hot/eviction/machine_learning.rs:77:49
   |
77 |             .filter(|event| event.slot_index == slot_idx)
   |                             ----------------    ^^^^^^^^ expected `Option<usize>`, found `usize`
   |                             |
   |                             expected because this is `std::option::Option<usize>`
   |
   = note: expected enum `std::option::Option<usize>`
              found type `usize`
help: try wrapping the expression in `Some`
   |
77 |             .filter(|event| event.slot_index == Some(slot_idx))
   |                                                 +++++        +

error[E0560]: struct `candidate::EvictionCandidate<K, V>` has no field named `slot_index`
  --> src/cache/tier/hot/eviction/policies.rs:87:21
   |
87 |                     slot_index: oldest_slot,
   |                     ^^^^^^^^^^ `candidate::EvictionCandidate<_, _>` does not have this field
   |
   = note: all struct fields are already assigned

error[E0063]: missing fields `average_latency_ns`, `failed_count` and `successful_count` in initializer of `PrefetchStats`
   --> src/cache/tier/hot/prefetch/core.rs:336:9
    |
336 |         PrefetchStats {
    |         ^^^^^^^^^^^^^ missing `average_latency_ns`, `failed_count` and `successful_count`

error[E0063]: missing fields `access_pattern`, `estimated_size` and `timestamp_ns` in initializer of `PrefetchRequest<K>`
  --> src/cache/tier/hot/prefetch/prediction.rs:65:22
   |
65 |                 Some(PrefetchRequest::<K> {
   |                      ^^^^^^^^^^^^^^^^^^^^ missing `access_pattern`, `estimated_size` and `timestamp_ns`

error[E0063]: missing fields `access_pattern`, `estimated_size` and `timestamp_ns` in initializer of `PrefetchRequest<K>`
   --> src/cache/tier/hot/prefetch/prediction.rs:174:38
    |
174 |                     predictions.push(PrefetchRequest::<K> {
    |                                      ^^^^^^^^^^^^^^^^^^^^ missing `access_pattern`, `estimated_size` and `timestamp_ns`

error[E0308]: mismatched types
  --> src/cache/tier/hot/simd_tier/operations.rs:70:28
   |
13 | impl<K: CacheKey + Default, V: CacheValue> SimdHotTier<K, V> {
   |                             - found this type parameter
14 |     /// Get entry from cache with SIMD-accelerated lookup
15 |     pub fn get(&mut self, key: &K) -> Option<V> {
   |                                       --------- expected `std::option::Option<V>` because of return type
...
70 |                     return value;
   |                            ^^^^^ expected `Option<V>`, found type parameter `V`
   |
   = note:        expected enum `std::option::Option<V>`
           found type parameter `V`
help: try wrapping the expression in `Some`
   |
70 |                     return Some(value);
   |                            +++++     +

error[E0061]: this method takes 4 arguments but 3 arguments were supplied
  --> src/cache/tier/hot/simd_tier/operations.rs:78:14
   |
78 |             .record_access(0, false, timer.elapsed_ns());
   |              ^^^^^^^^^^^^^ - argument #1 of type `K` is missing
   |
note: method defined here
  --> src/cache/tier/hot/eviction/engine.rs:68:12
   |
68 |     pub fn record_access(&mut self, key: K, slot_idx: usize, hit: bool, timestamp_ns: u64) {
   |            ^^^^^^^^^^^^^            ------
help: provide the argument
   |
78 |             .record_access(/* K */, 0, false, timer.elapsed_ns());
   |                            ++++++++

error[E0609]: no field `slot_index` on type `candidate::EvictionCandidate<K, V>`
   --> src/cache/tier/hot/simd_tier/operations.rs:149:51
    |
149 |             self.memory_pool.clear_slot(candidate.slot_index);
    |                                                   ^^^^^^^^^^ unknown field

error[E0609]: no field `slot_index` on type `candidate::EvictionCandidate<K, V>`
   --> src/cache/tier/hot/simd_tier/operations.rs:151:44
    |
151 |                 .record_eviction(candidate.slot_index, true, timer.elapsed_ns());
    |                                            ^^^^^^^^^^ unknown field

error[E0609]: no field `slot_index` on type `candidate::EvictionCandidate<K, V>`
   --> src/cache/tier/hot/simd_tier/operations.rs:155:27
    |
155 |                 candidate.slot_index,
    |                           ^^^^^^^^^^ unknown field

error[E0609]: no field `slot_index` on type `candidate::EvictionCandidate<K, V>`
   --> src/cache/tier/hot/simd_tier/operations.rs:161:54
    |
161 |             self.lru_tracker.record_access(candidate.slot_index);
    |                                                      ^^^^^^^^^^ unknown field

error[E0107]: method takes 1 generic argument but 2 generic arguments were supplied
   --> src/cache/tier/manager.rs:138:18
    |
138 |             self.execute_promotion::<K, V>(&task, key)?;
    |                  ^^^^^^^^^^^^^^^^^    --- help: remove the unnecessary generic argument
    |                  |
    |                  expected 1 generic argument
    |
note: method defined here, with 1 generic parameter: `V`
   --> src/cache/tier/manager.rs:154:8
    |
154 |     fn execute_promotion<V: CacheValue>(
    |        ^^^^^^^^^^^^^^^^^ -

error[E0277]: the trait bound `K: traits::core::CacheValue` is not satisfied
   --> src/cache/tier/manager.rs:138:38
    |
138 |             self.execute_promotion::<K, V>(&task, key)?;
    |                  -----------------   ^ the trait `traits::core::CacheValue` is not implemented for `K`
    |                  |
    |                  required by a bound introduced by this call
    |
note: required by a bound in `TierPromotionManager::<K>::execute_promotion`
   --> src/cache/tier/manager.rs:154:29
    |
154 |     fn execute_promotion<V: CacheValue>(
    |                             ^^^^^^^^^^ required by this bound in `TierPromotionManager::<K>::execute_promotion`
help: consider further restricting type parameter `K` with trait `CacheValue`
    |
 45 | impl<K: CacheKey + Default + 'static + cache::traits::core::CacheValue> TierPromotionManager<K> {
    |                                      +++++++++++++++++++++++++++++++++

error[E0107]: method takes 1 generic argument but 2 generic arguments were supplied
   --> src/cache/tier/manager.rs:160:26
    |
160 |         let value = self.read_from_tier::<K, V>(key, task.from_tier)?;
    |                          ^^^^^^^^^^^^^^    --- help: remove the unnecessary generic argument
    |                          |
    |                          expected 1 generic argument
    |
note: method defined here, with 1 generic parameter: `V`
   --> src/cache/tier/manager.rs:185:8
    |
185 |     fn read_from_tier<V: CacheValue>(
    |        ^^^^^^^^^^^^^^ -

error[E0277]: the trait bound `K: traits::core::CacheValue` is not satisfied
   --> src/cache/tier/manager.rs:160:43
    |
160 |         let value = self.read_from_tier::<K, V>(key, task.from_tier)?;
    |                          --------------   ^ the trait `traits::core::CacheValue` is not implemented for `K`
    |                          |
    |                          required by a bound introduced by this call
    |
note: required by a bound in `TierPromotionManager::<K>::read_from_tier`
   --> src/cache/tier/manager.rs:185:26
    |
185 |     fn read_from_tier<V: CacheValue>(
    |                          ^^^^^^^^^^ required by this bound in `TierPromotionManager::<K>::read_from_tier`
help: consider further restricting type parameter `K` with trait `CacheValue`
    |
 45 | impl<K: CacheKey + Default + 'static + cache::traits::core::CacheValue> TierPromotionManager<K> {
    |                                      +++++++++++++++++++++++++++++++++

error[E0277]: the trait bound `K: traits::core::CacheValue` is not satisfied
   --> src/cache/tier/manager.rs:164:45
    |
164 |             self.write_to_tier(key.clone(), cached_value, task.to_tier)?;
    |                  -------------              ^^^^^^^^^^^^ the trait `traits::core::CacheValue` is not implemented for `K`
    |                  |
    |                  required by a bound introduced by this call
    |
note: required by a bound in `TierPromotionManager::<K>::write_to_tier`
   --> src/cache/tier/manager.rs:210:25
    |
210 |     fn write_to_tier<V: CacheValue>(
    |                         ^^^^^^^^^^ required by this bound in `TierPromotionManager::<K>::write_to_tier`
help: consider further restricting type parameter `K` with trait `CacheValue`
    |
 45 | impl<K: CacheKey + Default + 'static + cache::traits::core::CacheValue> TierPromotionManager<K> {
    |                                      +++++++++++++++++++++++++++++++++

error[E0107]: method takes 1 generic argument but 2 generic arguments were supplied
   --> src/cache/tier/manager.rs:167:26
    |
167 |             let _ = self.remove_from_tier::<K, V>(key, task.from_tier);
    |                          ^^^^^^^^^^^^^^^^    --- help: remove the unnecessary generic argument
    |                          |
    |                          expected 1 generic argument
    |
note: method defined here, with 1 generic parameter: `V`
   --> src/cache/tier/manager.rs:233:8
    |
233 |     fn remove_from_tier<V: CacheValue>(
    |        ^^^^^^^^^^^^^^^^ -

error[E0277]: the trait bound `K: traits::core::CacheValue` is not satisfied
   --> src/cache/tier/manager.rs:167:45
    |
167 |             let _ = self.remove_from_tier::<K, V>(key, task.from_tier);
    |                          ----------------   ^ the trait `traits::core::CacheValue` is not implemented for `K`
    |                          |
    |                          required by a bound introduced by this call
    |
note: required by a bound in `TierPromotionManager::<K>::remove_from_tier`
   --> src/cache/tier/manager.rs:233:28
    |
233 |     fn remove_from_tier<V: CacheValue>(
    |                            ^^^^^^^^^^ required by this bound in `TierPromotionManager::<K>::remove_from_tier`
help: consider further restricting type parameter `K` with trait `CacheValue`
    |
 45 | impl<K: CacheKey + Default + 'static + cache::traits::core::CacheValue> TierPromotionManager<K> {
    |                                      +++++++++++++++++++++++++++++++++

error[E0283]: type annotations needed
   --> src/cache/tier/manager.rs:256:17
    |
256 |                 super::cold::remove_entry(key)
    |                 ^^^^^^^^^^^^^^^^^^^^^^^^^ cannot infer type of the type parameter `V` declared on the function `remove_entry`
    |
    = note: cannot satisfy `_: traits::core::CacheValue`
    = help: the following types implement trait `traits::core::CacheValue`:
              SerdeCacheValue<T>
              Vec<u8>
              WarmCacheEntry<V>
              std::string::String
note: required by a bound in `cold::remove_entry`
   --> src/cache/tier/cold/mod.rs:342:47
    |
342 | pub fn remove_entry<K: CacheKey + 'static, V: CacheValue + 'static>(
    |                                               ^^^^^^^^^^ required by this bound in `remove_entry`
help: consider specifying the generic arguments
    |
256 |                 super::cold::remove_entry::<K, V>(key)
    |                                          ++++++++

error[E0061]: this method takes 1 argument but 0 arguments were supplied
   --> src/cache/tier/manager.rs:270:43
    |
270 |             access_frequency: access_path.frequency_estimate(),
    |                                           ^^^^^^^^^^^^^^^^^^-- argument #1 of type `&FrequencyEstimator<_>` is missing
    |
note: method defined here
   --> src/cache/types/mod.rs:100:12
    |
100 | ...fn frequency_estimate<K: crate::cache::traits::CacheKey>(&self, tracker: &crate::cache::tier::warm::access_tracking::frequency_estimator::FrequencyEstimator<K>) -...
    |       ^^^^^^^^^^^^^^^^^^                                           -----------------------------------------------------------------------------------------------
help: provide the argument
    |
270 |             access_frequency: access_path.frequency_estimate(/* tracker */),
    |                                                              +++++++++++++

error[E0061]: this method takes 1 argument but 0 arguments were supplied
   --> src/cache/tier/manager.rs:271:42
    |
271 |             recent_accesses: access_path.recent_access_count() as f32,
    |                                          ^^^^^^^^^^^^^^^^^^^-- argument #1 of type `&UnifiedCacheStatistics` is missing
    |
note: method defined here
   --> src/cache/types/mod.rs:107:12
    |
107 |     pub fn recent_access_count(&self, stats: &crate::telemetry::unified_stats::UnifiedCacheStatistics) -> u32 {
    |            ^^^^^^^^^^^^^^^^^^^        ---------------------------------------------------------------
help: provide the argument
    |
271 |             recent_accesses: access_path.recent_access_count(/* &UnifiedCacheStatistics */) as f32,
    |                                                              +++++++++++++++++++++++++++++

error[E0061]: this method takes 2 arguments but 0 arguments were supplied
   --> src/cache/tier/manager.rs:273:43
    |
273 |             spatial_locality: access_path.spatial_locality_score(),
    |                                           ^^^^^^^^^^^^^^^^^^^^^^-- two arguments of type `&AccessPatternAnalyzer<_>` and `&_` are missing
    |
note: method defined here
   --> src/cache/types/mod.rs:121:12
    |
121 | ...fn spatial_locality_score<K: crate::cache::traits::CacheKey>(&self, analyzer: &crate::cache::analyzer::analyzer_core::AccessPatternAnalyzer<K>, key: &K) -...
    |       ^^^^^^^^^^^^^^^^^^^^^^                                           --------------------------------------------------------------------------  -------
help: provide the arguments
    |
273 |             spatial_locality: access_path.spatial_locality_score(/* analyzer */, /* key */),
    |                                                                  +++++++++++++++++++++++++

error[E0599]: no variant or associated item named `Burst` found for enum `TemporalPattern` in the current scope
   --> src/cache/tier/warm/access_tracking/pattern_classifier.rs:87:30
    |
 87 |             TemporalPattern::Burst
    |                              ^^^^^ variant or associated item not found in `TemporalPattern`
    |
   ::: src/cache/traits/types_and_enums.rs:154:1
    |
154 | pub enum TemporalPattern {
    | ------------------------ variant or associated item `Burst` not found for this enum
    |
help: there is a variant with a similar name
    |
 87 |             TemporalPattern::Bursty
    |                                   +

error[E0599]: no variant or associated item named `Burst` found for enum `TemporalPattern` in the current scope
   --> src/cache/tier/warm/access_tracking/pattern_classifier.rs:124:30
    |
124 |             TemporalPattern::Burst => self.calculate_burst_confidence(intervals),
    |                              ^^^^^ variant or associated item not found in `TemporalPattern`
    |
   ::: src/cache/traits/types_and_enums.rs:154:1
    |
154 | pub enum TemporalPattern {
    | ------------------------ variant or associated item `Burst` not found for this enum
    |
help: there is a variant with a similar name
    |
124 |             TemporalPattern::Bursty => self.calculate_burst_confidence(intervals),
    |                                   +

error[E0599]: no function or associated item named `new_without_monitor` found for struct `LockFreeWarmTier<K, V>` in the current scope
   --> src/cache/tier/warm/builder.rs:78:51
    |
 78 | ...                   LockFreeWarmTier::new_without_monitor(self.config)
    |                                         ^^^^^^^^^^^^^^^^^^^ function or associated item not found in `LockFreeWarmTier<_, _>`
    |
   ::: src/cache/tier/warm/core.rs:34:1
    |
 34 | pub struct LockFreeWarmTier<K: CacheKey, V: CacheValue> {
    | ------------------------------------------------------- function or associated item `new_without_monitor` not found for this struct
    |
note: if you're trying to build a new `LockFreeWarmTier<_, _>` consider using one of the following associated functions:
      LockFreeWarmTier::<K, V>::new
      LockFreeWarmTier::<K, V>::try_new_with_monitor
   --> src/cache/tier/warm/core.rs:340:5
    |
340 |     pub fn new(config: WarmTierConfig) -> Result<Self, WarmTierInitError> {
    |     ^^^^^^^^^^^^^^^^^^^^^^^^^^^^^^^^^^^^^^^^^^^^^^^^^^^^^^^^^^^^^^^^^^^^^
...
361 |     pub fn try_new_with_monitor(config: WarmTierConfig) -> Result<Self, WarmTierInitError> {
    |     ^^^^^^^^^^^^^^^^^^^^^^^^^^^^^^^^^^^^^^^^^^^^^^^^^^^^^^^^^^^^^^^^^^^^^^^^^^^^^^^^^^^^^^

error[E0599]: no function or associated item named `new_without_monitor` found for struct `LockFreeWarmTier<K, V>` in the current scope
   --> src/cache/tier/warm/builder.rs:88:47
    |
 88 | ...                   LockFreeWarmTier::new_without_monitor(self.config)
    |                                         ^^^^^^^^^^^^^^^^^^^ function or associated item not found in `LockFreeWarmTier<_, _>`
    |
   ::: src/cache/tier/warm/core.rs:34:1
    |
 34 | pub struct LockFreeWarmTier<K: CacheKey, V: CacheValue> {
    | ------------------------------------------------------- function or associated item `new_without_monitor` not found for this struct
    |
note: if you're trying to build a new `LockFreeWarmTier<_, _>` consider using one of the following associated functions:
      LockFreeWarmTier::<K, V>::new
      LockFreeWarmTier::<K, V>::try_new_with_monitor
   --> src/cache/tier/warm/core.rs:340:5
    |
340 |     pub fn new(config: WarmTierConfig) -> Result<Self, WarmTierInitError> {
    |     ^^^^^^^^^^^^^^^^^^^^^^^^^^^^^^^^^^^^^^^^^^^^^^^^^^^^^^^^^^^^^^^^^^^^^
...
361 |     pub fn try_new_with_monitor(config: WarmTierConfig) -> Result<Self, WarmTierInitError> {
    |     ^^^^^^^^^^^^^^^^^^^^^^^^^^^^^^^^^^^^^^^^^^^^^^^^^^^^^^^^^^^^^^^^^^^^^^^^^^^^^^^^^^^^^^

error[E0277]: the trait bound `WarmEntryMetadata: serde::_::_serde::Serialize` is not satisfied
    --> src/cache/tier/warm/core.rs:110:38
     |
 110 |   #[cfg_attr(feature = "serde", derive(serde::Serialize, serde::Deserialize))]
     |                                        ^^^^^^^^^^^^^^^^ the trait `serde::_::_serde::Serialize` is not implemented for `WarmEntryMetadata`
...
 116 | /     /// Entry metadata with atomic fields
 117 | |     pub metadata: WarmEntryMetadata,
     | |___________________________________- required by a bound introduced by this call
     |
     = note: for local types consider adding `#[derive(serde::Serialize)]` to your `WarmEntryMetadata` type
     = note: for types from other crates check whether the crate offers a `serde` feature flag
     = help: the following other types implement trait `serde::_::_serde::Serialize`:
               &'a T
               &'a mut T
               ()
               (T,)
               (T0, T1)
               (T0, T1, T2)
               (T0, T1, T2, T3)
               (T0, T1, T2, T3, T4)
             and 176 others
note: required by a bound in `serde::_::_serde::ser::SerializeStruct::serialize_field`
    --> /Users/davidmaple/.cargo/registry/src/index.crates.io-1949cf8c6b5b557f/serde-1.0.219/src/ser/mod.rs:1866:21
     |
1864 |     fn serialize_field<T>(&mut self, key: &'static str, value: &T) -> Result<(), Self::Error>
     |        --------------- required by a bound in this associated function
1865 |     where
1866 |         T: ?Sized + Serialize;
     |                     ^^^^^^^^^ required by this bound in `SerializeStruct::serialize_field`
     = note: this error originates in the derive macro `serde::Serialize` (in Nightly builds, run with -Z macro-backtrace for more info)

error[E0277]: the trait bound `WarmEntryMetadata: serde::_::_serde::Deserialize<'_>` is not satisfied
    --> src/cache/tier/warm/core.rs:117:19
     |
 117 |     pub metadata: WarmEntryMetadata,
     |                   ^^^^^^^^^^^^^^^^^ the trait `serde::_::_serde::Deserialize<'_>` is not implemented for `WarmEntryMetadata`
     |
     = note: for local types consider adding `#[derive(serde::Deserialize)]` to your `WarmEntryMetadata` type
     = note: for types from other crates check whether the crate offers a `serde` feature flag
     = help: the following other types implement trait `serde::_::_serde::Deserialize<'de>`:
               &'a Path
               &'a [u8]
               &'a str
               ()
               (T,)
               (T0, T1)
               (T0, T1, T2)
               (T0, T1, T2, T3)
             and 189 others
note: required by a bound in `next_element`
    --> /Users/davidmaple/.cargo/registry/src/index.crates.io-1949cf8c6b5b557f/serde-1.0.219/src/de/mod.rs:1732:12
     |
1730 |     fn next_element<T>(&mut self) -> Result<Option<T>, Self::Error>
     |        ------------ required by a bound in this associated function
1731 |     where
1732 |         T: Deserialize<'de>,
     |            ^^^^^^^^^^^^^^^^ required by this bound in `SeqAccess::next_element`
     = note: the full name for the type has been written to '/Volumes/samsung_t9/goldylox/target/debug/deps/goldylox-ce72745131dd1045.long-type-16158327057312760946.txt'
     = note: consider using `--verbose` to print the full type name to the console

error[E0277]: the trait bound `WarmEntryMetadata: serde::_::_serde::Deserialize<'_>` is not satisfied
    --> src/cache/tier/warm/core.rs:117:19
     |
 117 |     pub metadata: WarmEntryMetadata,
     |                   ^^^^^^^^^^^^^^^^^ the trait `serde::_::_serde::Deserialize<'_>` is not implemented for `WarmEntryMetadata`
     |
     = note: for local types consider adding `#[derive(serde::Deserialize)]` to your `WarmEntryMetadata` type
     = note: for types from other crates check whether the crate offers a `serde` feature flag
     = help: the following other types implement trait `serde::_::_serde::Deserialize<'de>`:
               &'a Path
               &'a [u8]
               &'a str
               ()
               (T,)
               (T0, T1)
               (T0, T1, T2)
               (T0, T1, T2, T3)
             and 189 others
note: required by a bound in `next_value`
    --> /Users/davidmaple/.cargo/registry/src/index.crates.io-1949cf8c6b5b557f/serde-1.0.219/src/de/mod.rs:1871:12
     |
1869 |     fn next_value<V>(&mut self) -> Result<V, Self::Error>
     |        ---------- required by a bound in this associated function
1870 |     where
1871 |         V: Deserialize<'de>,
     |            ^^^^^^^^^^^^^^^^ required by this bound in `MapAccess::next_value`
     = note: the full name for the type has been written to '/Volumes/samsung_t9/goldylox/target/debug/deps/goldylox-ce72745131dd1045.long-type-16158327057312760946.txt'
     = note: consider using `--verbose` to print the full type name to the console

error[E0599]: no function or associated item named `default` found for type parameter `V` in the current scope
   --> src/cache/tier/warm/core.rs:294:23
    |
291 | impl<V: CacheValue> Default for WarmCacheEntry<V> {
    |      - function or associated item `default` not found for this type parameter
...
294 |             value: V::default(),
    |                       ^^^^^^^ function or associated item not found in `V`
    |
    = help: items from traits can only be used if the type parameter is bounded by the trait
help: the following trait defines an item `default`, perhaps you need to restrict type parameter `V` with it:
    |
291 | impl<V: CacheValue + Default> Default for WarmCacheEntry<V> {
    |                    +++++++++

error[E0063]: missing fields `created_at` and `generation` in initializer of `WarmCacheEntry<V>`
   --> src/cache/tier/warm/core.rs:293:9
    |
293 |         Self {
    |         ^^^^ missing `created_at` and `generation`

error[E0609]: no field `entries` on type `&MachineLearningEvictionPolicy<K>`
   --> src/cache/tier/warm/eviction/ml/policy.rs:309:40
    |
309 |         for (_key, entry) in &mut self.entries {
    |                                        ^^^^^^^ unknown field
    |
    = note: available fields are: `feature_vectors`, `regression_weights`, `learning_rate`, `stats`

error[E0609]: no field `model_parameters` on type `&MachineLearningEvictionPolicy<K>`
   --> src/cache/tier/warm/eviction/ml/policy.rs:329:14
    |
329 |         self.model_parameters.feature_weights = 
    |              ^^^^^^^^^^^^^^^^ unknown field
    |
    = note: available fields are: `feature_vectors`, `regression_weights`, `learning_rate`, `stats`

error[E0609]: no field `neural_ml` on type `&ConcurrentEvictionPolicy<K>`
   --> src/cache/tier/warm/eviction/mod.rs:231:36
    |
231 |         let neural_accuracy = self.neural_ml.get_metrics().accuracy;
    |                                    ^^^^^^^^^ unknown field
    |
    = note: available fields are: `policy_type`, `lru_tracker`, `lfu_tracker`, `arc_state`, `ml_policy`, `performance_metrics`

error[E0609]: no field `linear_ml` on type `&ConcurrentEvictionPolicy<K>`
   --> src/cache/tier/warm/eviction/mod.rs:232:36
    |
232 |         let linear_accuracy = self.linear_ml.accuracy(); 
    |                                    ^^^^^^^^^ unknown field
    |
    = note: available fields are: `policy_type`, `lru_tracker`, `lfu_tracker`, `arc_state`, `ml_policy`, `performance_metrics`

error[E0308]: mismatched types
   --> src/cache/tier/warm/eviction/mod.rs:235:37
    |
 39 | impl<K: CacheKey> ConcurrentEvictionPolicy<K> {
    |      - expected this type parameter
...
235 |         if combined_ml_confidence > 0.4 {
    |                                     ^^^ expected type parameter `K`, found floating-point number
    |
    = note: expected type parameter `K`
                         found type `{float}`

error[E0609]: no field `arc_policy` on type `&ConcurrentEvictionPolicy<K>`
   --> src/cache/tier/warm/eviction/mod.rs:237:18
    |
237 |             self.arc_policy.select_candidates(count)
    |                  ^^^^^^^^^^ unknown field
    |
help: a field with a similar name exists
    |
237 -             self.arc_policy.select_candidates(count)
237 +             self.ml_policy.select_candidates(count)
    |

error[E0609]: no field `adaptive_lfu` on type `&ConcurrentEvictionPolicy<K>`
   --> src/cache/tier/warm/eviction/mod.rs:247:31
    |
247 |         let candidates = self.adaptive_lfu.select_candidates_by_size(count);
    |                               ^^^^^^^^^^^^ unknown field
    |
    = note: available fields are: `policy_type`, `lru_tracker`, `lfu_tracker`, `arc_state`, `ml_policy`, `performance_metrics`

error[E0308]: mismatched types
   --> src/cache/tier/warm/eviction/mod.rs:248:31
    |
 39 | impl<K: CacheKey> ConcurrentEvictionPolicy<K> {
    |      - expected this type parameter
...
248 |         if candidates.len() < count {
    |                               ^^^^^ expected type parameter `K`, found `usize`
    |
    = note: expected type parameter `K`
                         found type `usize`

error[E0599]: no method named `intelligent_fallback_selection_sized` found for reference `&ConcurrentEvictionPolicy<K>` in the current scope
   --> src/cache/tier/warm/eviction/mod.rs:252:32
    |
252 |             result.extend(self.intelligent_fallback_selection_sized(remaining));
    |                                ^^^^^^^^^^^^^^^^^^^^^^^^^^^^^^^^^^^^ method not found in `&ConcurrentEvictionPolicy<K>`

error[E0063]: missing fields `evictions`, `memory_pressure` and `timestamp_ns` in initializer of `TierStatsSnapshot`
  --> src/cache/tier/warm/monitoring/performance_stats.rs:15:9
   |
15 |         TierStatsSnapshot {
   |         ^^^^^^^^^^^^^^^^^ missing `evictions`, `memory_pressure` and `timestamp_ns`

error[E0277]: the trait bound `cache_entry::HealthStatus: serde::_::_serde::Serialize` is not satisfied
    --> src/cache/traits/cache_entry.rs:84:38
     |
  84 |   #[cfg_attr(feature = "serde", derive(serde::Serialize, serde::Deserialize))]
     |                                        ^^^^^^^^^^^^^^^^ the trait `serde::_::_serde::Serialize` is not implemented for `cache_entry::HealthStatus`
...
 101 | /     /// Entry health status for error tracking
 102 | |     pub health_status: HealthStatus,
     | |___________________________________- required by a bound introduced by this call
     |
     = note: for local types consider adding `#[derive(serde::Serialize)]` to your `cache_entry::HealthStatus` type
     = note: for types from other crates check whether the crate offers a `serde` feature flag
     = help: the following other types implement trait `serde::_::_serde::Serialize`:
               &'a T
               &'a mut T
               ()
               (T,)
               (T0, T1)
               (T0, T1, T2)
               (T0, T1, T2, T3)
               (T0, T1, T2, T3, T4)
             and 176 others
note: required by a bound in `serde::_::_serde::ser::SerializeStruct::serialize_field`
    --> /Users/davidmaple/.cargo/registry/src/index.crates.io-1949cf8c6b5b557f/serde-1.0.219/src/ser/mod.rs:1866:21
     |
1864 |     fn serialize_field<T>(&mut self, key: &'static str, value: &T) -> Result<(), Self::Error>
     |        --------------- required by a bound in this associated function
1865 |     where
1866 |         T: ?Sized + Serialize;
     |                     ^^^^^^^^^ required by this bound in `SerializeStruct::serialize_field`
     = note: this error originates in the derive macro `serde::Serialize` (in Nightly builds, run with -Z macro-backtrace for more info)

error[E0277]: the trait bound `cache_entry::HealthStatus: serde::_::_serde::Deserialize<'_>` is not satisfied
    --> src/cache/traits/cache_entry.rs:102:24
     |
 102 |     pub health_status: HealthStatus,
     |                        ^^^^^^^^^^^^ the trait `serde::_::_serde::Deserialize<'_>` is not implemented for `cache_entry::HealthStatus`
     |
     = note: for local types consider adding `#[derive(serde::Deserialize)]` to your `cache_entry::HealthStatus` type
     = note: for types from other crates check whether the crate offers a `serde` feature flag
     = help: the following other types implement trait `serde::_::_serde::Deserialize<'de>`:
               &'a Path
               &'a [u8]
               &'a str
               ()
               (T,)
               (T0, T1)
               (T0, T1, T2)
               (T0, T1, T2, T3)
             and 194 others
note: required by a bound in `next_element`
    --> /Users/davidmaple/.cargo/registry/src/index.crates.io-1949cf8c6b5b557f/serde-1.0.219/src/de/mod.rs:1732:12
     |
1730 |     fn next_element<T>(&mut self) -> Result<Option<T>, Self::Error>
     |        ------------ required by a bound in this associated function
1731 |     where
1732 |         T: Deserialize<'de>,
     |            ^^^^^^^^^^^^^^^^ required by this bound in `SeqAccess::next_element`
     = note: the full name for the type has been written to '/Volumes/samsung_t9/goldylox/target/debug/deps/goldylox-ce72745131dd1045.long-type-17205046581880978012.txt'
     = note: consider using `--verbose` to print the full type name to the console

error[E0277]: the trait bound `cache_entry::HealthStatus: serde::_::_serde::Deserialize<'_>` is not satisfied
    --> src/cache/traits/cache_entry.rs:102:24
     |
 102 |     pub health_status: HealthStatus,
     |                        ^^^^^^^^^^^^ the trait `serde::_::_serde::Deserialize<'_>` is not implemented for `cache_entry::HealthStatus`
     |
     = note: for local types consider adding `#[derive(serde::Deserialize)]` to your `cache_entry::HealthStatus` type
     = note: for types from other crates check whether the crate offers a `serde` feature flag
     = help: the following other types implement trait `serde::_::_serde::Deserialize<'de>`:
               &'a Path
               &'a [u8]
               &'a str
               ()
               (T,)
               (T0, T1)
               (T0, T1, T2)
               (T0, T1, T2, T3)
             and 194 others
note: required by a bound in `next_value`
    --> /Users/davidmaple/.cargo/registry/src/index.crates.io-1949cf8c6b5b557f/serde-1.0.219/src/de/mod.rs:1871:12
     |
1869 |     fn next_value<V>(&mut self) -> Result<V, Self::Error>
     |        ---------- required by a bound in this associated function
1870 |     where
1871 |         V: Deserialize<'de>,
     |            ^^^^^^^^^^^^^^^^ required by this bound in `MapAccess::next_value`
     = note: the full name for the type has been written to '/Volumes/samsung_t9/goldylox/target/debug/deps/goldylox-ce72745131dd1045.long-type-17205046581880978012.txt'
     = note: consider using `--verbose` to print the full type name to the console

error[E0277]: the trait bound `AccessEvent<K>: serde::_::_serde::Serialize` is not satisfied
    --> src/cache/traits/cache_entry.rs:230:38
     |
 230 |   #[cfg_attr(feature = "serde", derive(serde::Serialize, serde::Deserialize))]
     |                                        ^^^^^^^^^^^^^^^^ the trait `serde::_::_serde::Serialize` is not implemented for `AccessEvent<K>`
...
 237 | /     /// Recent access events (bounded circular buffer)
 238 | |     pub access_history: VecDeque<AccessEvent<K>>,
     | |________________________________________________- required by a bound introduced by this call
     |
     = note: for local types consider adding `#[derive(serde::Serialize)]` to your `AccessEvent<K>` type
     = note: for types from other crates check whether the crate offers a `serde` feature flag
     = help: the following other types implement trait `serde::_::_serde::Serialize`:
               &'a T
               &'a mut T
               ()
               (T,)
               (T0, T1)
               (T0, T1, T2)
               (T0, T1, T2, T3)
               (T0, T1, T2, T3, T4)
             and 176 others
     = note: required for `VecDeque<AccessEvent<K>>` to implement `serde::_::_serde::Serialize`
note: required by a bound in `serde::_::_serde::ser::SerializeStruct::serialize_field`
    --> /Users/davidmaple/.cargo/registry/src/index.crates.io-1949cf8c6b5b557f/serde-1.0.219/src/ser/mod.rs:1866:21
     |
1864 |     fn serialize_field<T>(&mut self, key: &'static str, value: &T) -> Result<(), Self::Error>
     |        --------------- required by a bound in this associated function
1865 |     where
1866 |         T: ?Sized + Serialize;
     |                     ^^^^^^^^^ required by this bound in `SerializeStruct::serialize_field`
     = note: this error originates in the derive macro `serde::Serialize` (in Nightly builds, run with -Z macro-backtrace for more info)

error[E0277]: the trait bound `TemporalPattern: serde::_::_serde::Serialize` is not satisfied
    --> src/cache/traits/cache_entry.rs:230:38
     |
 230 |   #[cfg_attr(feature = "serde", derive(serde::Serialize, serde::Deserialize))]
     |                                        ^^^^^^^^^^^^^^^^ the trait `serde::_::_serde::Serialize` is not implemented for `TemporalPattern`
...
 245 | /     /// Detected temporal pattern
 246 | |     pub temporal_pattern: TemporalPattern,
     | |_________________________________________- required by a bound introduced by this call
     |
     = note: for local types consider adding `#[derive(serde::Serialize)]` to your `TemporalPattern` type
     = note: for types from other crates check whether the crate offers a `serde` feature flag
     = help: the following other types implement trait `serde::_::_serde::Serialize`:
               &'a T
               &'a mut T
               ()
               (T,)
               (T0, T1)
               (T0, T1, T2)
               (T0, T1, T2, T3)
               (T0, T1, T2, T3, T4)
             and 176 others
note: required by a bound in `serde::_::_serde::ser::SerializeStruct::serialize_field`
    --> /Users/davidmaple/.cargo/registry/src/index.crates.io-1949cf8c6b5b557f/serde-1.0.219/src/ser/mod.rs:1866:21
     |
1864 |     fn serialize_field<T>(&mut self, key: &'static str, value: &T) -> Result<(), Self::Error>
     |        --------------- required by a bound in this associated function
1865 |     where
1866 |         T: ?Sized + Serialize;
     |                     ^^^^^^^^^ required by this bound in `SerializeStruct::serialize_field`
     = note: this error originates in the derive macro `serde::Serialize` (in Nightly builds, run with -Z macro-backtrace for more info)

error[E0277]: the trait bound `AccessEvent<K>: serde::_::_serde::Deserialize<'_>` is not satisfied
    --> src/cache/traits/cache_entry.rs:238:25
     |
 238 |     pub access_history: VecDeque<AccessEvent<K>>,
     |                         ^^^^^^^^^^^^^^^^^^^^^^^^ the trait `serde::_::_serde::Deserialize<'_>` is not implemented for `AccessEvent<K>`
     |
     = note: for local types consider adding `#[derive(serde::Deserialize)]` to your `AccessEvent<K>` type
     = note: for types from other crates check whether the crate offers a `serde` feature flag
     = help: the following other types implement trait `serde::_::_serde::Deserialize<'de>`:
               &'a Path
               &'a [u8]
               &'a str
               ()
               (T,)
               (T0, T1)
               (T0, T1, T2)
               (T0, T1, T2, T3)
             and 194 others
     = note: required for `VecDeque<AccessEvent<K>>` to implement `serde::_::_serde::Deserialize<'_>`
note: required by a bound in `next_element`
    --> /Users/davidmaple/.cargo/registry/src/index.crates.io-1949cf8c6b5b557f/serde-1.0.219/src/de/mod.rs:1732:12
     |
1730 |     fn next_element<T>(&mut self) -> Result<Option<T>, Self::Error>
     |        ------------ required by a bound in this associated function
1731 |     where
1732 |         T: Deserialize<'de>,
     |            ^^^^^^^^^^^^^^^^ required by this bound in `SeqAccess::next_element`
     = note: the full name for the type has been written to '/Volumes/samsung_t9/goldylox/target/debug/deps/goldylox-ce72745131dd1045.long-type-17205046581880978012.txt'
     = note: consider using `--verbose` to print the full type name to the console

error[E0277]: the trait bound `TemporalPattern: serde::_::_serde::Deserialize<'_>` is not satisfied
    --> src/cache/traits/cache_entry.rs:246:27
     |
 246 |     pub temporal_pattern: TemporalPattern,
     |                           ^^^^^^^^^^^^^^^ the trait `serde::_::_serde::Deserialize<'_>` is not implemented for `TemporalPattern`
     |
     = note: for local types consider adding `#[derive(serde::Deserialize)]` to your `TemporalPattern` type
     = note: for types from other crates check whether the crate offers a `serde` feature flag
     = help: the following other types implement trait `serde::_::_serde::Deserialize<'de>`:
               &'a Path
               &'a [u8]
               &'a str
               ()
               (T,)
               (T0, T1)
               (T0, T1, T2)
               (T0, T1, T2, T3)
             and 194 others
note: required by a bound in `next_element`
    --> /Users/davidmaple/.cargo/registry/src/index.crates.io-1949cf8c6b5b557f/serde-1.0.219/src/de/mod.rs:1732:12
     |
1730 |     fn next_element<T>(&mut self) -> Result<Option<T>, Self::Error>
     |        ------------ required by a bound in this associated function
1731 |     where
1732 |         T: Deserialize<'de>,
     |            ^^^^^^^^^^^^^^^^ required by this bound in `SeqAccess::next_element`
     = note: the full name for the type has been written to '/Volumes/samsung_t9/goldylox/target/debug/deps/goldylox-ce72745131dd1045.long-type-17205046581880978012.txt'
     = note: consider using `--verbose` to print the full type name to the console

error[E0277]: the trait bound `AccessEvent<K>: serde::_::_serde::Deserialize<'_>` is not satisfied
    --> src/cache/traits/cache_entry.rs:238:25
     |
 238 |     pub access_history: VecDeque<AccessEvent<K>>,
     |                         ^^^^^^^^^^^^^^^^^^^^^^^^ the trait `serde::_::_serde::Deserialize<'_>` is not implemented for `AccessEvent<K>`
     |
     = note: for local types consider adding `#[derive(serde::Deserialize)]` to your `AccessEvent<K>` type
     = note: for types from other crates check whether the crate offers a `serde` feature flag
     = help: the following other types implement trait `serde::_::_serde::Deserialize<'de>`:
               &'a Path
               &'a [u8]
               &'a str
               ()
               (T,)
               (T0, T1)
               (T0, T1, T2)
               (T0, T1, T2, T3)
             and 194 others
     = note: required for `VecDeque<AccessEvent<K>>` to implement `serde::_::_serde::Deserialize<'_>`
note: required by a bound in `next_value`
    --> /Users/davidmaple/.cargo/registry/src/index.crates.io-1949cf8c6b5b557f/serde-1.0.219/src/de/mod.rs:1871:12
     |
1869 |     fn next_value<V>(&mut self) -> Result<V, Self::Error>
     |        ---------- required by a bound in this associated function
1870 |     where
1871 |         V: Deserialize<'de>,
     |            ^^^^^^^^^^^^^^^^ required by this bound in `MapAccess::next_value`
     = note: the full name for the type has been written to '/Volumes/samsung_t9/goldylox/target/debug/deps/goldylox-ce72745131dd1045.long-type-17205046581880978012.txt'
     = note: consider using `--verbose` to print the full type name to the console

error[E0277]: the trait bound `TemporalPattern: serde::_::_serde::Deserialize<'_>` is not satisfied
    --> src/cache/traits/cache_entry.rs:246:27
     |
 246 |     pub temporal_pattern: TemporalPattern,
     |                           ^^^^^^^^^^^^^^^ the trait `serde::_::_serde::Deserialize<'_>` is not implemented for `TemporalPattern`
     |
     = note: for local types consider adding `#[derive(serde::Deserialize)]` to your `TemporalPattern` type
     = note: for types from other crates check whether the crate offers a `serde` feature flag
     = help: the following other types implement trait `serde::_::_serde::Deserialize<'de>`:
               &'a Path
               &'a [u8]
               &'a str
               ()
               (T,)
               (T0, T1)
               (T0, T1, T2)
               (T0, T1, T2, T3)
             and 194 others
note: required by a bound in `next_value`
    --> /Users/davidmaple/.cargo/registry/src/index.crates.io-1949cf8c6b5b557f/serde-1.0.219/src/de/mod.rs:1871:12
     |
1869 |     fn next_value<V>(&mut self) -> Result<V, Self::Error>
     |        ---------- required by a bound in this associated function
1870 |     where
1871 |         V: Deserialize<'de>,
     |            ^^^^^^^^^^^^^^^^ required by this bound in `MapAccess::next_value`
     = note: the full name for the type has been written to '/Volumes/samsung_t9/goldylox/target/debug/deps/goldylox-ce72745131dd1045.long-type-17205046581880978012.txt'
     = note: consider using `--verbose` to print the full type name to the console

error[E0308]: mismatched types
   --> src/cache/traits/cache_entry.rs:278:24
    |
278 |             timestamp: now,
    |                        ^^^ expected `u64`, found `Instant`

error[E0063]: missing fields `entry_size`, `event_id`, `key` and 2 other fields in initializer of `AccessEvent<_>`
   --> src/cache/traits/cache_entry.rs:277:21
    |
277 |         let event = AccessEvent {
    |                     ^^^^^^^^^^^ missing `entry_size`, `event_id`, `key` and 2 other fields

error[E0599]: no method named `duration_since` found for type `u64` in the current scope
   --> src/cache/traits/cache_entry.rs:288:18
    |
286 | /             event
287 | |                 .timestamp
288 | |                 .duration_since(last_event.timestamp)
    | |                 -^^^^^^^^^^^^^^ method not found in `u64`
    | |_________________|
    |

error[E0308]: mismatched types
   --> src/cache/traits/cache_entry.rs:300:25
    |
258 | impl<K: CacheKey> AccessTracker<K> {
    |      - expected this type parameter
...
300 |         if time_delta > 0.0 {
    |                         ^^^ expected type parameter `K`, found floating-point number
    |
    = note: expected type parameter `K`
                         found type `{float}`

error[E0599]: no method named `duration_since` found for type `u64` in the current scope
   --> src/cache/traits/cache_entry.rs:388:49
    |
388 |                 let interval = second.timestamp.duration_since(first.timestamp).as_millis() as u64;
    |                                                 ^^^^^^^^^^^^^^ method not found in `u64`

error[E0277]: the trait bound `TierAffinity: serde::_::_serde::Serialize` is not satisfied
    --> src/cache/traits/cache_entry.rs:444:38
     |
 444 |   #[cfg_attr(feature = "serde", derive(serde::Serialize, serde::Deserialize))]
     |                                        ^^^^^^^^^^^^^^^^ the trait `serde::_::_serde::Serialize` is not implemented for `TierAffinity`
...
 449 | /     /// Preferred tier based on access patterns
 450 | |     pub tier_affinity: TierAffinity,
     | |___________________________________- required by a bound introduced by this call
     |
     = note: for local types consider adding `#[derive(serde::Serialize)]` to your `TierAffinity` type
     = note: for types from other crates check whether the crate offers a `serde` feature flag
     = help: the following other types implement trait `serde::_::_serde::Serialize`:
               &'a T
               &'a mut T
               ()
               (T,)
               (T0, T1)
               (T0, T1, T2)
               (T0, T1, T2, T3)
               (T0, T1, T2, T3, T4)
             and 176 others
note: required by a bound in `serde::_::_serde::ser::SerializeStruct::serialize_field`
    --> /Users/davidmaple/.cargo/registry/src/index.crates.io-1949cf8c6b5b557f/serde-1.0.219/src/ser/mod.rs:1866:21
     |
1864 |     fn serialize_field<T>(&mut self, key: &'static str, value: &T) -> Result<(), Self::Error>
     |        --------------- required by a bound in this associated function
1865 |     where
1866 |         T: ?Sized + Serialize;
     |                     ^^^^^^^^^ required by this bound in `SerializeStruct::serialize_field`
     = note: this error originates in the derive macro `serde::Serialize` (in Nightly builds, run with -Z macro-backtrace for more info)

error[E0277]: the trait bound `TierTransition: serde::_::_serde::Serialize` is not satisfied
    --> src/cache/traits/cache_entry.rs:444:38
     |
 444 |   #[cfg_attr(feature = "serde", derive(serde::Serialize, serde::Deserialize))]
     |                                        ^^^^^^^^^^^^^^^^ the trait `serde::_::_serde::Serialize` is not implemented for `TierTransition`
...
 455 | /     /// History of tier transitions
 456 | |     pub tier_transition_history: Vec<TierTransition>,
     | |____________________________________________________- required by a bound introduced by this call
     |
     = note: for local types consider adding `#[derive(serde::Serialize)]` to your `TierTransition` type
     = note: for types from other crates check whether the crate offers a `serde` feature flag
     = help: the following other types implement trait `serde::_::_serde::Serialize`:
               &'a T
               &'a mut T
               ()
               (T,)
               (T0, T1)
               (T0, T1, T2)
               (T0, T1, T2, T3)
               (T0, T1, T2, T3, T4)
             and 176 others
     = note: required for `Vec<TierTransition>` to implement `serde::_::_serde::Serialize`
note: required by a bound in `serde::_::_serde::ser::SerializeStruct::serialize_field`
    --> /Users/davidmaple/.cargo/registry/src/index.crates.io-1949cf8c6b5b557f/serde-1.0.219/src/ser/mod.rs:1866:21
     |
1864 |     fn serialize_field<T>(&mut self, key: &'static str, value: &T) -> Result<(), Self::Error>
     |        --------------- required by a bound in this associated function
1865 |     where
1866 |         T: ?Sized + Serialize;
     |                     ^^^^^^^^^ required by this bound in `SerializeStruct::serialize_field`
     = note: this error originates in the derive macro `serde::Serialize` (in Nightly builds, run with -Z macro-backtrace for more info)

error[E0277]: the trait bound `MigrationLock: serde::_::_serde::Serialize` is not satisfied
    --> src/cache/traits/cache_entry.rs:444:38
     |
 444 |   #[cfg_attr(feature = "serde", derive(serde::Serialize, serde::Deserialize))]
     |                                        ^^^^^^^^^^^^^^^^ the trait `serde::_::_serde::Serialize` is not implemented for `MigrationLock`
...
 457 | /     /// Current migration lock if transition is in progress
 458 | |     pub migration_lock: Option<MigrationLock>,
     | |_____________________________________________- required by a bound introduced by this call
     |
     = note: for local types consider adding `#[derive(serde::Serialize)]` to your `MigrationLock` type
     = note: for types from other crates check whether the crate offers a `serde` feature flag
     = help: the following other types implement trait `serde::_::_serde::Serialize`:
               &'a T
               &'a mut T
               ()
               (T,)
               (T0, T1)
               (T0, T1, T2)
               (T0, T1, T2, T3)
               (T0, T1, T2, T3, T4)
             and 176 others
     = note: required for `std::option::Option<MigrationLock>` to implement `serde::_::_serde::Serialize`
note: required by a bound in `serde::_::_serde::ser::SerializeStruct::serialize_field`
    --> /Users/davidmaple/.cargo/registry/src/index.crates.io-1949cf8c6b5b557f/serde-1.0.219/src/ser/mod.rs:1866:21
     |
1864 |     fn serialize_field<T>(&mut self, key: &'static str, value: &T) -> Result<(), Self::Error>
     |        --------------- required by a bound in this associated function
1865 |     where
1866 |         T: ?Sized + Serialize;
     |                     ^^^^^^^^^ required by this bound in `SerializeStruct::serialize_field`
     = note: this error originates in the derive macro `serde::Serialize` (in Nightly builds, run with -Z macro-backtrace for more info)

error[E0277]: the trait bound `TierAffinity: serde::_::_serde::Deserialize<'_>` is not satisfied
    --> src/cache/traits/cache_entry.rs:450:24
     |
 450 |     pub tier_affinity: TierAffinity,
     |                        ^^^^^^^^^^^^ the trait `serde::_::_serde::Deserialize<'_>` is not implemented for `TierAffinity`
     |
     = note: for local types consider adding `#[derive(serde::Deserialize)]` to your `TierAffinity` type
     = note: for types from other crates check whether the crate offers a `serde` feature flag
     = help: the following other types implement trait `serde::_::_serde::Deserialize<'de>`:
               &'a Path
               &'a [u8]
               &'a str
               ()
               (T,)
               (T0, T1)
               (T0, T1, T2)
               (T0, T1, T2, T3)
             and 194 others
note: required by a bound in `next_element`
    --> /Users/davidmaple/.cargo/registry/src/index.crates.io-1949cf8c6b5b557f/serde-1.0.219/src/de/mod.rs:1732:12
     |
1730 |     fn next_element<T>(&mut self) -> Result<Option<T>, Self::Error>
     |        ------------ required by a bound in this associated function
1731 |     where
1732 |         T: Deserialize<'de>,
     |            ^^^^^^^^^^^^^^^^ required by this bound in `SeqAccess::next_element`
     = note: the full name for the type has been written to '/Volumes/samsung_t9/goldylox/target/debug/deps/goldylox-ce72745131dd1045.long-type-17205046581880978012.txt'
     = note: consider using `--verbose` to print the full type name to the console

error[E0277]: the trait bound `TierTransition: serde::_::_serde::Deserialize<'_>` is not satisfied
    --> src/cache/traits/cache_entry.rs:456:34
     |
 456 |     pub tier_transition_history: Vec<TierTransition>,
     |                                  ^^^^^^^^^^^^^^^^^^^ the trait `serde::_::_serde::Deserialize<'_>` is not implemented for `TierTransition`
     |
     = note: for local types consider adding `#[derive(serde::Deserialize)]` to your `TierTransition` type
     = note: for types from other crates check whether the crate offers a `serde` feature flag
     = help: the following other types implement trait `serde::_::_serde::Deserialize<'de>`:
               &'a Path
               &'a [u8]
               &'a str
               ()
               (T,)
               (T0, T1)
               (T0, T1, T2)
               (T0, T1, T2, T3)
             and 194 others
     = note: required for `Vec<TierTransition>` to implement `serde::_::_serde::Deserialize<'_>`
note: required by a bound in `next_element`
    --> /Users/davidmaple/.cargo/registry/src/index.crates.io-1949cf8c6b5b557f/serde-1.0.219/src/de/mod.rs:1732:12
     |
1730 |     fn next_element<T>(&mut self) -> Result<Option<T>, Self::Error>
     |        ------------ required by a bound in this associated function
1731 |     where
1732 |         T: Deserialize<'de>,
     |            ^^^^^^^^^^^^^^^^ required by this bound in `SeqAccess::next_element`
     = note: the full name for the type has been written to '/Volumes/samsung_t9/goldylox/target/debug/deps/goldylox-ce72745131dd1045.long-type-17205046581880978012.txt'
     = note: consider using `--verbose` to print the full type name to the console

error[E0277]: the trait bound `MigrationLock: serde::_::_serde::Deserialize<'_>` is not satisfied
    --> src/cache/traits/cache_entry.rs:458:25
     |
 458 |     pub migration_lock: Option<MigrationLock>,
     |                         ^^^^^^^^^^^^^^^^^^^^^ the trait `serde::_::_serde::Deserialize<'_>` is not implemented for `MigrationLock`
     |
     = note: for local types consider adding `#[derive(serde::Deserialize)]` to your `MigrationLock` type
     = note: for types from other crates check whether the crate offers a `serde` feature flag
     = help: the following other types implement trait `serde::_::_serde::Deserialize<'de>`:
               &'a Path
               &'a [u8]
               &'a str
               ()
               (T,)
               (T0, T1)
               (T0, T1, T2)
               (T0, T1, T2, T3)
             and 194 others
     = note: required for `std::option::Option<MigrationLock>` to implement `serde::_::_serde::Deserialize<'_>`
note: required by a bound in `next_element`
    --> /Users/davidmaple/.cargo/registry/src/index.crates.io-1949cf8c6b5b557f/serde-1.0.219/src/de/mod.rs:1732:12
     |
1730 |     fn next_element<T>(&mut self) -> Result<Option<T>, Self::Error>
     |        ------------ required by a bound in this associated function
1731 |     where
1732 |         T: Deserialize<'de>,
     |            ^^^^^^^^^^^^^^^^ required by this bound in `SeqAccess::next_element`
     = note: the full name for the type has been written to '/Volumes/samsung_t9/goldylox/target/debug/deps/goldylox-ce72745131dd1045.long-type-17205046581880978012.txt'
     = note: consider using `--verbose` to print the full type name to the console

error[E0277]: the trait bound `TierAffinity: serde::_::_serde::Deserialize<'_>` is not satisfied
    --> src/cache/traits/cache_entry.rs:450:24
     |
 450 |     pub tier_affinity: TierAffinity,
     |                        ^^^^^^^^^^^^ the trait `serde::_::_serde::Deserialize<'_>` is not implemented for `TierAffinity`
     |
     = note: for local types consider adding `#[derive(serde::Deserialize)]` to your `TierAffinity` type
     = note: for types from other crates check whether the crate offers a `serde` feature flag
     = help: the following other types implement trait `serde::_::_serde::Deserialize<'de>`:
               &'a Path
               &'a [u8]
               &'a str
               ()
               (T,)
               (T0, T1)
               (T0, T1, T2)
               (T0, T1, T2, T3)
             and 194 others
note: required by a bound in `next_value`
    --> /Users/davidmaple/.cargo/registry/src/index.crates.io-1949cf8c6b5b557f/serde-1.0.219/src/de/mod.rs:1871:12
     |
1869 |     fn next_value<V>(&mut self) -> Result<V, Self::Error>
     |        ---------- required by a bound in this associated function
1870 |     where
1871 |         V: Deserialize<'de>,
     |            ^^^^^^^^^^^^^^^^ required by this bound in `MapAccess::next_value`
     = note: the full name for the type has been written to '/Volumes/samsung_t9/goldylox/target/debug/deps/goldylox-ce72745131dd1045.long-type-17205046581880978012.txt'
     = note: consider using `--verbose` to print the full type name to the console

error[E0277]: the trait bound `TierTransition: serde::_::_serde::Deserialize<'_>` is not satisfied
    --> src/cache/traits/cache_entry.rs:456:34
     |
 456 |     pub tier_transition_history: Vec<TierTransition>,
     |                                  ^^^^^^^^^^^^^^^^^^^ the trait `serde::_::_serde::Deserialize<'_>` is not implemented for `TierTransition`
     |
     = note: for local types consider adding `#[derive(serde::Deserialize)]` to your `TierTransition` type
     = note: for types from other crates check whether the crate offers a `serde` feature flag
     = help: the following other types implement trait `serde::_::_serde::Deserialize<'de>`:
               &'a Path
               &'a [u8]
               &'a str
               ()
               (T,)
               (T0, T1)
               (T0, T1, T2)
               (T0, T1, T2, T3)
             and 194 others
     = note: required for `Vec<TierTransition>` to implement `serde::_::_serde::Deserialize<'_>`
note: required by a bound in `next_value`
    --> /Users/davidmaple/.cargo/registry/src/index.crates.io-1949cf8c6b5b557f/serde-1.0.219/src/de/mod.rs:1871:12
     |
1869 |     fn next_value<V>(&mut self) -> Result<V, Self::Error>
     |        ---------- required by a bound in this associated function
1870 |     where
1871 |         V: Deserialize<'de>,
     |            ^^^^^^^^^^^^^^^^ required by this bound in `MapAccess::next_value`
     = note: the full name for the type has been written to '/Volumes/samsung_t9/goldylox/target/debug/deps/goldylox-ce72745131dd1045.long-type-17205046581880978012.txt'
     = note: consider using `--verbose` to print the full type name to the console

error[E0277]: the trait bound `MigrationLock: serde::_::_serde::Deserialize<'_>` is not satisfied
    --> src/cache/traits/cache_entry.rs:458:25
     |
 458 |     pub migration_lock: Option<MigrationLock>,
     |                         ^^^^^^^^^^^^^^^^^^^^^ the trait `serde::_::_serde::Deserialize<'_>` is not implemented for `MigrationLock`
     |
     = note: for local types consider adding `#[derive(serde::Deserialize)]` to your `MigrationLock` type
     = note: for types from other crates check whether the crate offers a `serde` feature flag
     = help: the following other types implement trait `serde::_::_serde::Deserialize<'de>`:
               &'a Path
               &'a [u8]
               &'a str
               ()
               (T,)
               (T0, T1)
               (T0, T1, T2)
               (T0, T1, T2, T3)
             and 194 others
     = note: required for `std::option::Option<MigrationLock>` to implement `serde::_::_serde::Deserialize<'_>`
note: required by a bound in `next_value`
    --> /Users/davidmaple/.cargo/registry/src/index.crates.io-1949cf8c6b5b557f/serde-1.0.219/src/de/mod.rs:1871:12
     |
1869 |     fn next_value<V>(&mut self) -> Result<V, Self::Error>
     |        ---------- required by a bound in this associated function
1870 |     where
1871 |         V: Deserialize<'de>,
     |            ^^^^^^^^^^^^^^^^ required by this bound in `MapAccess::next_value`
     = note: the full name for the type has been written to '/Volumes/samsung_t9/goldylox/target/debug/deps/goldylox-ce72745131dd1045.long-type-17205046581880978012.txt'
     = note: consider using `--verbose` to print the full type name to the console

error[E0277]: the trait bound `SerializationFormat: Encode` is not satisfied
   --> src/cache/traits/cache_entry.rs:580:40
    |
580 | #[cfg_attr(feature = "bincode", derive(bincode::Encode, bincode::Decode))]
    |                                        ^^^^^^^^^^^^^^^ the trait `Encode` is not implemented for `SerializationFormat`
    |
    = help: the following other types implement trait `Encode`:
              &CStr
              &Path
              &T
              ()
              (A, B)
              (A, B, C)
              (A, B, C, D)
              (A, B, C, D, E)
            and 91 others
    = note: this error originates in the derive macro `bincode::Encode` (in Nightly builds, run with -Z macro-backtrace for more info)

error[E0277]: the trait bound `supporting_types::CompressionAlgorithm: Encode` is not satisfied
   --> src/cache/traits/cache_entry.rs:580:40
    |
580 | #[cfg_attr(feature = "bincode", derive(bincode::Encode, bincode::Decode))]
    |                                        ^^^^^^^^^^^^^^^ the trait `Encode` is not implemented for `supporting_types::CompressionAlgorithm`
    |
    = help: the following other types implement trait `Encode`:
              &CStr
              &Path
              &T
              ()
              (A, B)
              (A, B, C)
              (A, B, C, D)
              (A, B, C, D, E)
            and 91 others
    = note: this error originates in the derive macro `bincode::Encode` (in Nightly builds, run with -Z macro-backtrace for more info)

error[E0277]: the trait bound `SerializationFormat: Decode<__Context>` is not satisfied
   --> src/cache/traits/cache_entry.rs:580:57
    |
580 | #[cfg_attr(feature = "bincode", derive(bincode::Encode, bincode::Decode))]
    |                                                         ^^^^^^^^^^^^^^^ the trait `Decode<__Context>` is not implemented for `SerializationFormat`
    |
    = help: the following other types implement trait `Decode<Context>`:
              `()` implements `Decode<Context>`
              `(A, B)` implements `Decode<Context>`
              `(A, B, C)` implements `Decode<Context>`
              `(A, B, C, D)` implements `Decode<Context>`
              `(A, B, C, D, E)` implements `Decode<Context>`
              `(A, B, C, D, E, F)` implements `Decode<Context>`
              `(A, B, C, D, E, F, G)` implements `Decode<Context>`
              `(A, B, C, D, E, F, G, H)` implements `Decode<Context>`
            and 92 others
    = note: this error originates in the derive macro `bincode::Decode` (in Nightly builds, run with -Z macro-backtrace for more info)

error[E0277]: the trait bound `supporting_types::CompressionAlgorithm: Decode<__Context>` is not satisfied
   --> src/cache/traits/cache_entry.rs:580:57
    |
580 | #[cfg_attr(feature = "bincode", derive(bincode::Encode, bincode::Decode))]
    |                                                         ^^^^^^^^^^^^^^^ the trait `Decode<__Context>` is not implemented for `supporting_types::CompressionAlgorithm`
    |
    = help: the following other types implement trait `Decode<Context>`:
              `()` implements `Decode<Context>`
              `(A, B)` implements `Decode<Context>`
              `(A, B, C)` implements `Decode<Context>`
              `(A, B, C, D)` implements `Decode<Context>`
              `(A, B, C, D, E)` implements `Decode<Context>`
              `(A, B, C, D, E, F)` implements `Decode<Context>`
              `(A, B, C, D, E, F, G)` implements `Decode<Context>`
              `(A, B, C, D, E, F, G, H)` implements `Decode<Context>`
            and 92 others
    = note: this error originates in the derive macro `bincode::Decode` (in Nightly builds, run with -Z macro-backtrace for more info)

error[E0277]: the trait bound `SerializationFormat: BorrowDecode<'_, __Context>` is not satisfied
   --> src/cache/traits/cache_entry.rs:580:57
    |
580 | #[cfg_attr(feature = "bincode", derive(bincode::Encode, bincode::Decode))]
    |                                                         ^^^^^^^^^^^^^^^ the trait `BorrowDecode<'_, __Context>` is not implemented for `SerializationFormat`
    |
    = help: the following other types implement trait `BorrowDecode<'de, Context>`:
              `&'a [u8]` implements `BorrowDecode<'de, Context>`
              `&'a str` implements `BorrowDecode<'de, Context>`
              `&'de Path` implements `BorrowDecode<'de, Context>`
              `()` implements `BorrowDecode<'de, __Context>`
              `(A, B)` implements `BorrowDecode<'de, Context>`
              `(A, B, C)` implements `BorrowDecode<'de, Context>`
              `(A, B, C, D)` implements `BorrowDecode<'de, Context>`
              `(A, B, C, D, E)` implements `BorrowDecode<'de, Context>`
            and 95 others
    = note: this error originates in the derive macro `bincode::Decode` (in Nightly builds, run with -Z macro-backtrace for more info)

error[E0277]: the trait bound `supporting_types::CompressionAlgorithm: BorrowDecode<'_, __Context>` is not satisfied
   --> src/cache/traits/cache_entry.rs:580:57
    |
580 | #[cfg_attr(feature = "bincode", derive(bincode::Encode, bincode::Decode))]
    |                                                         ^^^^^^^^^^^^^^^ the trait `BorrowDecode<'_, __Context>` is not implemented for `supporting_types::CompressionAlgorithm`
    |
    = help: the following other types implement trait `BorrowDecode<'de, Context>`:
              `&'a [u8]` implements `BorrowDecode<'de, Context>`
              `&'a str` implements `BorrowDecode<'de, Context>`
              `&'de Path` implements `BorrowDecode<'de, Context>`
              `()` implements `BorrowDecode<'de, __Context>`
              `(A, B)` implements `BorrowDecode<'de, Context>`
              `(A, B, C)` implements `BorrowDecode<'de, Context>`
              `(A, B, C, D)` implements `BorrowDecode<'de, Context>`
              `(A, B, C, D, E)` implements `BorrowDecode<'de, Context>`
            and 95 others
    = note: this error originates in the derive macro `bincode::Decode` (in Nightly builds, run with -Z macro-backtrace for more info)

error[E0277]: the trait bound `cache_entry::CacheEntryMetadata: Encode` is not satisfied
   --> src/cache/traits/cache_entry.rs:632:40
    |
632 | #[cfg_attr(feature = "bincode", derive(bincode::Encode, bincode::Decode))]
    |                                        ^^^^^^^^^^^^^^^ the trait `Encode` is not implemented for `cache_entry::CacheEntryMetadata`
    |
    = help: the following other types implement trait `Encode`:
              &CStr
              &Path
              &T
              ()
              (A, B)
              (A, B, C)
              (A, B, C, D)
              (A, B, C, D, E)
            and 91 others
    = note: this error originates in the derive macro `bincode::Encode` (in Nightly builds, run with -Z macro-backtrace for more info)

error[E0277]: the trait bound `cache_entry::AccessTracker<K>: Encode` is not satisfied
   --> src/cache/traits/cache_entry.rs:632:40
    |
632 | #[cfg_attr(feature = "bincode", derive(bincode::Encode, bincode::Decode))]
    |                                        ^^^^^^^^^^^^^^^ the trait `Encode` is not implemented for `cache_entry::AccessTracker<K>`
    |
    = help: the following other types implement trait `Encode`:
              &CStr
              &Path
              &T
              ()
              (A, B)
              (A, B, C)
              (A, B, C, D)
              (A, B, C, D, E)
            and 91 others
    = note: this error originates in the derive macro `bincode::Encode` (in Nightly builds, run with -Z macro-backtrace for more info)

error[E0277]: the trait bound `TierInfo: Encode` is not satisfied
   --> src/cache/traits/cache_entry.rs:632:40
    |
632 | #[cfg_attr(feature = "bincode", derive(bincode::Encode, bincode::Decode))]
    |                                        ^^^^^^^^^^^^^^^ the trait `Encode` is not implemented for `TierInfo`
    |
    = help: the following other types implement trait `Encode`:
              &CStr
              &Path
              &T
              ()
              (A, B)
              (A, B, C)
              (A, B, C, D)
              (A, B, C, D, E)
            and 91 others
    = note: this error originates in the derive macro `bincode::Encode` (in Nightly builds, run with -Z macro-backtrace for more info)

error[E0277]: the trait bound `cache_entry::CacheEntryMetadata: Decode<__Context>` is not satisfied
   --> src/cache/traits/cache_entry.rs:632:57
    |
632 | #[cfg_attr(feature = "bincode", derive(bincode::Encode, bincode::Decode))]
    |                                                         ^^^^^^^^^^^^^^^ the trait `Decode<__Context>` is not implemented for `cache_entry::CacheEntryMetadata`
    |
    = help: the following other types implement trait `Decode<Context>`:
              `()` implements `Decode<Context>`
              `(A, B)` implements `Decode<Context>`
              `(A, B, C)` implements `Decode<Context>`
              `(A, B, C, D)` implements `Decode<Context>`
              `(A, B, C, D, E)` implements `Decode<Context>`
              `(A, B, C, D, E, F)` implements `Decode<Context>`
              `(A, B, C, D, E, F, G)` implements `Decode<Context>`
              `(A, B, C, D, E, F, G, H)` implements `Decode<Context>`
            and 92 others
    = note: this error originates in the derive macro `bincode::Decode` (in Nightly builds, run with -Z macro-backtrace for more info)

error[E0277]: the trait bound `cache_entry::AccessTracker<K>: Decode<__Context>` is not satisfied
   --> src/cache/traits/cache_entry.rs:632:57
    |
632 | #[cfg_attr(feature = "bincode", derive(bincode::Encode, bincode::Decode))]
    |                                                         ^^^^^^^^^^^^^^^ the trait `Decode<__Context>` is not implemented for `cache_entry::AccessTracker<K>`
    |
    = help: the following other types implement trait `Decode<Context>`:
              `()` implements `Decode<Context>`
              `(A, B)` implements `Decode<Context>`
              `(A, B, C)` implements `Decode<Context>`
              `(A, B, C, D)` implements `Decode<Context>`
              `(A, B, C, D, E)` implements `Decode<Context>`
              `(A, B, C, D, E, F)` implements `Decode<Context>`
              `(A, B, C, D, E, F, G)` implements `Decode<Context>`
              `(A, B, C, D, E, F, G, H)` implements `Decode<Context>`
            and 92 others
    = note: this error originates in the derive macro `bincode::Decode` (in Nightly builds, run with -Z macro-backtrace for more info)

error[E0277]: the trait bound `TierInfo: Decode<__Context>` is not satisfied
   --> src/cache/traits/cache_entry.rs:632:57
    |
632 | #[cfg_attr(feature = "bincode", derive(bincode::Encode, bincode::Decode))]
    |                                                         ^^^^^^^^^^^^^^^ the trait `Decode<__Context>` is not implemented for `TierInfo`
    |
    = help: the following other types implement trait `Decode<Context>`:
              `()` implements `Decode<Context>`
              `(A, B)` implements `Decode<Context>`
              `(A, B, C)` implements `Decode<Context>`
              `(A, B, C, D)` implements `Decode<Context>`
              `(A, B, C, D, E)` implements `Decode<Context>`
              `(A, B, C, D, E, F)` implements `Decode<Context>`
              `(A, B, C, D, E, F, G)` implements `Decode<Context>`
              `(A, B, C, D, E, F, G, H)` implements `Decode<Context>`
            and 92 others
    = note: this error originates in the derive macro `bincode::Decode` (in Nightly builds, run with -Z macro-backtrace for more info)

error[E0277]: the trait bound `cache_entry::CacheEntryMetadata: BorrowDecode<'_, __Context>` is not satisfied
   --> src/cache/traits/cache_entry.rs:632:57
    |
632 | #[cfg_attr(feature = "bincode", derive(bincode::Encode, bincode::Decode))]
    |                                                         ^^^^^^^^^^^^^^^ the trait `BorrowDecode<'_, __Context>` is not implemented for `cache_entry::CacheEntryMetadata`
    |
    = help: the following other types implement trait `BorrowDecode<'de, Context>`:
              `&'a [u8]` implements `BorrowDecode<'de, Context>`
              `&'a str` implements `BorrowDecode<'de, Context>`
              `&'de Path` implements `BorrowDecode<'de, Context>`
              `()` implements `BorrowDecode<'de, __Context>`
              `(A, B)` implements `BorrowDecode<'de, Context>`
              `(A, B, C)` implements `BorrowDecode<'de, Context>`
              `(A, B, C, D)` implements `BorrowDecode<'de, Context>`
              `(A, B, C, D, E)` implements `BorrowDecode<'de, Context>`
            and 95 others
    = note: this error originates in the derive macro `bincode::Decode` (in Nightly builds, run with -Z macro-backtrace for more info)

error[E0277]: the trait bound `cache_entry::AccessTracker<K>: BorrowDecode<'_, __Context>` is not satisfied
   --> src/cache/traits/cache_entry.rs:632:57
    |
632 | #[cfg_attr(feature = "bincode", derive(bincode::Encode, bincode::Decode))]
    |                                                         ^^^^^^^^^^^^^^^ the trait `BorrowDecode<'_, __Context>` is not implemented for `cache_entry::AccessTracker<K>`
    |
    = help: the following other types implement trait `BorrowDecode<'de, Context>`:
              `&'a [u8]` implements `BorrowDecode<'de, Context>`
              `&'a str` implements `BorrowDecode<'de, Context>`
              `&'de Path` implements `BorrowDecode<'de, Context>`
              `()` implements `BorrowDecode<'de, __Context>`
              `(A, B)` implements `BorrowDecode<'de, Context>`
              `(A, B, C)` implements `BorrowDecode<'de, Context>`
              `(A, B, C, D)` implements `BorrowDecode<'de, Context>`
              `(A, B, C, D, E)` implements `BorrowDecode<'de, Context>`
            and 95 others
    = note: this error originates in the derive macro `bincode::Decode` (in Nightly builds, run with -Z macro-backtrace for more info)

error[E0277]: the trait bound `TierInfo: BorrowDecode<'_, __Context>` is not satisfied
   --> src/cache/traits/cache_entry.rs:632:57
    |
632 | #[cfg_attr(feature = "bincode", derive(bincode::Encode, bincode::Decode))]
    |                                                         ^^^^^^^^^^^^^^^ the trait `BorrowDecode<'_, __Context>` is not implemented for `TierInfo`
    |
    = help: the following other types implement trait `BorrowDecode<'de, Context>`:
              `&'a [u8]` implements `BorrowDecode<'de, Context>`
              `&'a str` implements `BorrowDecode<'de, Context>`
              `&'de Path` implements `BorrowDecode<'de, Context>`
              `()` implements `BorrowDecode<'de, __Context>`
              `(A, B)` implements `BorrowDecode<'de, Context>`
              `(A, B, C)` implements `BorrowDecode<'de, Context>`
              `(A, B, C, D)` implements `BorrowDecode<'de, Context>`
              `(A, B, C, D, E)` implements `BorrowDecode<'de, Context>`
            and 95 others
    = note: this error originates in the derive macro `bincode::Decode` (in Nightly builds, run with -Z macro-backtrace for more info)

error[E0277]: the trait bound `types_and_enums::TierLocation: Encode` is not satisfied
   --> src/cache/traits/cache_entry.rs:856:40
    |
856 | #[cfg_attr(feature = "bincode", derive(bincode::Encode, bincode::Decode))]
    |                                        ^^^^^^^^^^^^^^^ the trait `Encode` is not implemented for `types_and_enums::TierLocation`
    |
    = help: the following other types implement trait `Encode`:
              &CStr
              &Path
              &T
              ()
              (A, B)
              (A, B, C)
              (A, B, C, D)
              (A, B, C, D, E)
            and 91 others
    = note: this error originates in the derive macro `bincode::Encode` (in Nightly builds, run with -Z macro-backtrace for more info)

error[E0277]: the trait bound `types_and_enums::TierLocation: Decode<__Context>` is not satisfied
   --> src/cache/traits/cache_entry.rs:856:57
    |
856 | #[cfg_attr(feature = "bincode", derive(bincode::Encode, bincode::Decode))]
    |                                                         ^^^^^^^^^^^^^^^ the trait `Decode<__Context>` is not implemented for `types_and_enums::TierLocation`
    |
    = help: the following other types implement trait `Decode<Context>`:
              `()` implements `Decode<Context>`
              `(A, B)` implements `Decode<Context>`
              `(A, B, C)` implements `Decode<Context>`
              `(A, B, C, D)` implements `Decode<Context>`
              `(A, B, C, D, E)` implements `Decode<Context>`
              `(A, B, C, D, E, F)` implements `Decode<Context>`
              `(A, B, C, D, E, F, G)` implements `Decode<Context>`
              `(A, B, C, D, E, F, G, H)` implements `Decode<Context>`
            and 92 others
    = note: this error originates in the derive macro `bincode::Decode` (in Nightly builds, run with -Z macro-backtrace for more info)

error[E0277]: the trait bound `types_and_enums::TierLocation: BorrowDecode<'_, __Context>` is not satisfied
   --> src/cache/traits/cache_entry.rs:856:57
    |
856 | #[cfg_attr(feature = "bincode", derive(bincode::Encode, bincode::Decode))]
    |                                                         ^^^^^^^^^^^^^^^ the trait `BorrowDecode<'_, __Context>` is not implemented for `types_and_enums::TierLocation`
    |
    = help: the following other types implement trait `BorrowDecode<'de, Context>`:
              `&'a [u8]` implements `BorrowDecode<'de, Context>`
              `&'a str` implements `BorrowDecode<'de, Context>`
              `&'de Path` implements `BorrowDecode<'de, Context>`
              `()` implements `BorrowDecode<'de, __Context>`
              `(A, B)` implements `BorrowDecode<'de, Context>`
              `(A, B, C)` implements `BorrowDecode<'de, Context>`
              `(A, B, C, D)` implements `BorrowDecode<'de, Context>`
              `(A, B, C, D, E)` implements `BorrowDecode<'de, Context>`
            and 95 others
    = note: this error originates in the derive macro `bincode::Decode` (in Nightly builds, run with -Z macro-backtrace for more info)

error[E0277]: the trait bound `K: Encode` is not satisfied
   --> src/cache/traits/cache_entry.rs:945:55
    |
945 |         let serialized_data = bincode::encode_to_vec(&entry, bincode::config::standard())?;
    |                               ----------------------  ^^^^^ the trait `Encode` is not implemented for `K`
    |                               |
    |                               required by a bound introduced by this call
    |
note: required for `cache_entry::CacheEntry<K, V>` to implement `Encode`
   --> src/cache/traits/cache_entry.rs:632:40
    |
632 | #[cfg_attr(feature = "bincode", derive(bincode::Encode, bincode::Decode))]
    |                                        ^^^^^^^^^^^^^^^ unsatisfied trait bound introduced in this `derive` macro
    = note: 1 redundant requirement hidden
    = note: required for `&cache_entry::CacheEntry<K, V>` to implement `Encode`
note: required by a bound in `encode_to_vec`
   --> /Users/davidmaple/.cargo/registry/src/index.crates.io-1949cf8c6b5b557f/bincode-2.0.1/src/features/impl_alloc.rs:54:25
    |
 54 | pub fn encode_to_vec<E: enc::Encode, C: Config>(val: E, config: C) -> Result<Vec<u8>, EncodeError> {
    |                         ^^^^^^^^^^^ required by this bound in `encode_to_vec`
    = note: this error originates in the derive macro `bincode::Encode` (in Nightly builds, run with -Z macro-backtrace for more info)
help: consider further restricting type parameter `K` with trait `Encode`
    |
870 |     K: CacheKey + Clone + bincode::Encode,
    |                         +++++++++++++++++

error[E0277]: the trait bound `V: Encode` is not satisfied
   --> src/cache/traits/cache_entry.rs:945:55
    |
945 |         let serialized_data = bincode::encode_to_vec(&entry, bincode::config::standard())?;
    |                               ----------------------  ^^^^^ the trait `Encode` is not implemented for `V`
    |                               |
    |                               required by a bound introduced by this call
    |
note: required for `cache_entry::CacheEntry<K, V>` to implement `Encode`
   --> src/cache/traits/cache_entry.rs:632:40
    |
632 | #[cfg_attr(feature = "bincode", derive(bincode::Encode, bincode::Decode))]
    |                                        ^^^^^^^^^^^^^^^ unsatisfied trait bound introduced in this `derive` macro
    = note: 1 redundant requirement hidden
    = note: required for `&cache_entry::CacheEntry<K, V>` to implement `Encode`
note: required by a bound in `encode_to_vec`
   --> /Users/davidmaple/.cargo/registry/src/index.crates.io-1949cf8c6b5b557f/bincode-2.0.1/src/features/impl_alloc.rs:54:25
    |
 54 | pub fn encode_to_vec<E: enc::Encode, C: Config>(val: E, config: C) -> Result<Vec<u8>, EncodeError> {
    |                         ^^^^^^^^^^^ required by this bound in `encode_to_vec`
    = note: this error originates in the derive macro `bincode::Encode` (in Nightly builds, run with -Z macro-backtrace for more info)
help: consider further restricting type parameter `V` with trait `Encode`
    |
871 |     V: CacheValue + Clone + bincode::Encode,
    |                           +++++++++++++++++

error[E0599]: no function or associated item named `new` found for struct `cold::data_structures::CompressionEngine` in the current scope
   --> src/cache/traits/cache_entry.rs:949:75
    |
949 |             crate::cache::tier::cold::data_structures::CompressionEngine::new(6);
    |                                                                           ^^^ function or associated item not found in `cold::data_structures::CompressionEngine`
    |
   ::: src/cache/tier/cold/data_structures.rs:102:1
    |
102 | pub struct CompressionEngine {
    | ---------------------------- function or associated item `new` not found for this struct
    |
note: if you're trying to build a new `cold::data_structures::CompressionEngine`, consider using `compression::<impl cold::data_structures::CompressionEngine>::with_config` which returns `cold::data_structures::CompressionEngine`
   --> src/cache/tier/cold/compression.rs:46:5
    |
 46 |     pub fn with_config(config: CompressionConfig) -> Self {
    |     ^^^^^^^^^^^^^^^^^^^^^^^^^^^^^^^^^^^^^^^^^^^^^^^^^^^^^
    = help: items from traits can only be used if the trait is implemented and in scope
    = note: the following traits define an item `new`, perhaps you need to implement one of them:
            candidate #1: `Allocable`
            candidate #2: `AnyBoxConstructor`
            candidate #3: `HashMapExt`
            candidate #4: `HashSetExt`
            candidate #5: `UniformSampler`
            candidate #6: `parking_lot_core::thread_parker::ThreadParkerT`

error[E0599]: no function or associated item named `default` found for type parameter `K` in the current scope
    --> src/cache/traits/cache_entry.rs:1025:21
     |
1017 | impl<K, V> Default for SerializationEnvelope<K, V>
     |      - function or associated item `default` not found for this type parameter
...
1025 |             key: K::default(),
     |                     ^^^^^^^ function or associated item not found in `K`
     |
     = help: items from traits can only be used if the type parameter is bounded by the trait
help: the following trait defines an item `default`, perhaps you need to restrict type parameter `K` with it:
     |
1019 |     K: CacheKey + Clone + Default,
     |                         +++++++++

error[E0599]: no function or associated item named `default` found for type parameter `V` in the current scope
    --> src/cache/traits/cache_entry.rs:1026:23
     |
1017 | impl<K, V> Default for SerializationEnvelope<K, V>
     |         - function or associated item `default` not found for this type parameter
...
1026 |             value: V::default(),
     |                       ^^^^^^^ function or associated item not found in `V`
     |
     = help: items from traits can only be used if the type parameter is bounded by the trait
help: the following trait defines an item `default`, perhaps you need to restrict type parameter `V` with it:
     |
1020 |     V: CacheValue + Clone + Default,
     |                           +++++++++

error[E0063]: missing field `access_tracker` in initializer of `cache_entry::CacheEntry<_, _>`
    --> src/cache/traits/cache_entry.rs:1024:29
     |
1024 |         let default_entry = CacheEntry {
     |                             ^^^^^^^^^^ missing `access_tracker`

error[E0599]: no function or associated item named `default` found for struct `TierSerializationContext` in the current scope
    --> src/cache/traits/cache_entry.rs:1038:53
     |
 857 | pub struct TierSerializationContext {
     | ----------------------------------- function or associated item `default` not found for this struct
...
1038 |             tier_context: TierSerializationContext::default(),
     |                                                     ^^^^^^^ function or associated item not found in `TierSerializationContext`
     |
     = help: items from traits can only be used if the trait is implemented and in scope
     = note: the following trait defines an item `default`, perhaps you need to implement it:
             candidate #1: `Default`

error[E0599]: no variant or associated item named `RetryImmediate` found for enum `types_and_enums::RecoveryHint` in the current scope
   --> src/cache/traits/error.rs:54:27
    |
 54 |             RecoveryHint::RetryImmediate => 0,
    |                           ^^^^^^^^^^^^^^ variant or associated item not found in `types_and_enums::RecoveryHint`
    |
   ::: src/cache/traits/types_and_enums.rs:217:1
    |
217 | pub enum RecoveryHint {
    | --------------------- variant or associated item `RetryImmediate` not found for this enum

error[E0277]: the trait bound `V: std::marker::Copy` is not satisfied
  --> src/cache/types/atomic.rs:64:5
   |
58 | #[derive(Debug)]
   |          ----- in this derive macro expansion
...
64 |     value: AtomicCell<V>,
   |     ^^^^^^^^^^^^^^^^^^^^ the trait `std::marker::Copy` is not implemented for `V`
   |
   = note: required for `AtomicCell<V>` to implement `std::fmt::Debug`
   = note: required for the cast from `&AtomicCell<V>` to `&dyn std::fmt::Debug`
help: consider further restricting type parameter `V` with trait `Copy`
   |
60 | pub struct AtomicCacheEntry<K: CacheKey, V: CacheValue + std::marker::Copy> {
   |                                                        +++++++++++++++++++

error[E0599]: the method `load` exists for struct `AtomicCell<V>`, but its trait bounds were not satisfied
   --> src/cache/types/atomic.rs:110:20
    |
110 |         self.value.load()
    |                    ^^^^ method cannot be called on `AtomicCell<V>` due to unsatisfied trait bounds
    |
    = note: the following trait bounds were not satisfied:
            `V: std::marker::Copy`

error[E0063]: missing fields `access_pattern`, `creation_time_ns` and `slot_index` in initializer of `CandidateMetadata`
   --> src/cache/types/eviction/candidate.rs:230:9
    |
230 |         Self {
    |         ^^^^ missing `access_pattern`, `creation_time_ns` and `slot_index`

error[E0071]: expected struct, variant or union type, found `types_and_enums::CacheOperationError`
   --> src/cache/types/results.rs:272:9
    |
272 |         Self {
    |         ^^^^ not a struct

error[E0308]: mismatched types
   --> src/cache/types/mod.rs:125:16
    |
125 |         if let Some(pattern) = analyzer.analyze_access_pattern(key) {
    |                ^^^^^^^^^^^^^   ------------------------------------ this expression has type `analyzer::types::AccessPattern`
    |                |
    |                expected `AccessPattern`, found `Option<_>`
    |
    = note: expected struct `analyzer::types::AccessPattern`
                 found enum `std::option::Option<_>`

error[E0308]: mismatched types
  --> src/cache/worker/global_api.rs:78:5
   |
77 | ) -> WorkerStats {
   |      ----------- expected `WorkerStats` because of return type
78 |     worker.stats()
   |     ^^^^^^^^^^^^^^ expected `WorkerStats`, found `WorkerStatsSnapshot`

error[E0599]: no method named `clone` found for struct `CommandQueueStats` in the current scope
   --> src/cache/worker/task_coordination.rs:299:31
    |
 80 | pub struct CommandQueueStats {
    | ---------------------------- method `clone` not found for this struct
...
299 |             stats: self.stats.clone(),
    |                               ^^^^^ method not found in `CommandQueueStats`
    |
    = help: items from traits can only be used if the trait is implemented and in scope
    = note: the following trait defines an item `clone`, perhaps you need to implement it:
            candidate #1: `Clone`

error[E0308]: mismatched types
   --> src/cache/worker/mod.rs:50:56
    |
 50 |         let processor = MemoryMonitoringProcessor::new(memory_manager);
    |                         ------------------------------ ^^^^^^^^^^^^^^ expected `Sender<MemoryMonitoringTask>`, found `MemoryManager`
    |                         |
    |                         arguments to this function are incorrect
    |
    = note: expected struct `crossbeam_channel::Sender<MemoryMonitoringTask>`
               found struct `MemoryManager`
note: associated function defined here
   --> src/cache/memory/mod.rs:219:12
    |
219 |     pub fn new(task_sender: crossbeam_channel::Sender<MemoryMonitoringTask>) -> Self {
    |            ^^^ ------------------------------------------------------------

error[E0308]: mismatched types
   --> src/cache/worker/mod.rs:65:33
    |
 65 |         Ok(TaskCoordinator::new(background_coordinator, max_command_queue_size))
    |            -------------------- ^^^^^^^^^^^^^^^^^^^^^^ expected `BackgroundCoordinator<K, V>`, found `BackgroundCoordinator<K, V, ...>`
    |            |
    |            arguments to this function are incorrect
    |
    = note: expected struct `BackgroundCoordinator<_, _, DefaultProcessor>`
               found struct `BackgroundCoordinator<_, _, MemoryMonitoringProcessor>`
note: associated function defined here
   --> src/cache/worker/task_coordination.rs:307:12
    |
307 |     pub fn new(background_coordinator: BackgroundCoordinator<K, V>, max_command_queue_size: usize) -> Self {
    |            ^^^ ---------------------------------------------------

error[E0277]: the trait bound `std::sync::atomic::AtomicU32: std::marker::Copy` is not satisfied
   --> src/telemetry/data_structures.rs:271:37
    |
271 |             adaptation_directions: [AtomicU32::new(0); 5],
    |                                     ^^^^^^^^^^^^^^^^^ the trait `std::marker::Copy` is not implemented for `std::sync::atomic::AtomicU32`
    |
    = note: the `Copy` trait is required because this value will be copied for each element of the array
help: create an inline `const` block
    |
271 |             adaptation_directions: [const { AtomicU32::new(0) }; 5],
    |                                     +++++++                   +

error[E0277]: the trait bound `std::sync::atomic::AtomicU64: std::marker::Copy` is not satisfied
   --> src/telemetry/data_structures.rs:272:32
    |
272 |             last_adaptations: [AtomicU64::new(0); 5],
    |                                ^^^^^^^^^^^^^^^^^ the trait `std::marker::Copy` is not implemented for `std::sync::atomic::AtomicU64`
    |
    = note: the `Copy` trait is required because this value will be copied for each element of the array
help: create an inline `const` block
    |
272 |             last_adaptations: [const { AtomicU64::new(0) }; 5],
    |                                +++++++                   +

error[E0609]: no field `timestamp` on type `&telemetry::data_structures::PerformanceSample`
  --> src/telemetry/performance_history.rs:72:43
   |
72 |                 let timestamp_ns = sample.timestamp;
   |                                           ^^^^^^^^^ unknown field
   |
help: a field with a similar name exists
   |
72 |                 let timestamp_ns = sample.timestamp_ns;
   |                                                    +++

error[E0063]: missing fields `active_recoveries`, `error_distribution`, `has_outliers` and 6 other fields in initializer of `PerformanceSummary`
   --> src/telemetry/performance_history.rs:168:9
    |
168 |         PerformanceSummary {
    |         ^^^^^^^^^^^^^^^^^^ missing `active_recoveries`, `error_distribution`, `has_outliers` and 6 other fields

error[E0061]: this function takes 0 arguments but 1 argument was supplied
  --> src/telemetry/trends.rs:65:38
   |
65 |         analyzer.alert_system = Some(AlertSystem::new(config)?);
   |                                      ^^^^^^^^^^^^^^^^ ------ unexpected argument of type `telemetry::types::MonitorConfig`
   |
note: associated function defined here
  --> src/cache/manager/performance/alert_system.rs:68:12
   |
68 |     pub fn new() -> Self {
   |            ^^^
help: remove the extra argument
   |
65 -         analyzer.alert_system = Some(AlertSystem::new(config)?);
65 +         analyzer.alert_system = Some(AlertSystem::new()?);
   |

error[E0277]: the `?` operator can only be applied to values that implement `Try`
  --> src/telemetry/trends.rs:65:38
   |
65 |         analyzer.alert_system = Some(AlertSystem::new(config)?);
   |                                      ^^^^^^^^^^^^^^^^^^^^^^^^^ the `?` operator cannot be applied to type `AlertSystem`
   |
   = help: the trait `Try` is not implemented for `AlertSystem`

error[E0308]: mismatched types
   --> src/telemetry/trends.rs:171:13
    |
167 |     fn compute_baseline_throughput(&self) -> f64 {
    |                                              --- expected `f64` because of return type
...
171 |             summary.avg_ops_per_second
    |             ^^^^^^^^^^^^^^^^^^^^^^^^^^ expected `f64`, found `f32`
    |
help: you can convert an `f32` to an `f64`
    |
171 |             summary.avg_ops_per_second.into()
    |                                       +++++++

error[E0599]: no method named `get_error_rate` found for reference `&ErrorRateTracker` in the current scope
   --> src/telemetry/trends.rs:183:21
    |
183 |             tracker.get_error_rate()
    |                     ^^^^^^^^^^^^^^
    |
help: there is a method `overall_error_rate` with a similar name
    |
183 -             tracker.get_error_rate()
183 +             tracker.overall_error_rate()
    |

error[E0560]: struct `telemetry::data_structures::PerformanceSample` has no field named `timestamp`
   --> src/telemetry/trends.rs:318:21
    |
318 |                     timestamp,
    |                     ^^^^^^^^^ unknown field
    |
help: a field with a similar name exists
    |
318 |                     timestamp_ns,
    |                              +++

error[E0308]: mismatched types
   --> src/telemetry/trends.rs:321:35
    |
321 |                     memory_usage: (value * 1024.0) as usize,
    |                                   ^^^^^^^^^^^^^^^^^^^^^^^^^ expected `u64`, found `usize`

error[E0609]: no field `metric_value` on type `cache::manager::performance::types::PerformanceAlert`
   --> src/telemetry/trends.rs:332:31
    |
332 |                         alert.metric_value as f32,
    |                               ^^^^^^^^^^^^ unknown field
    |
    = note: available fields are: `alert_id`, `alert_type`, `severity`, `message`, `triggered_at` ... and 2 others

error[E0599]: no method named `get_average_latency` found for reference `&UnifiedCacheStatistics` in the current scope
   --> src/telemetry/unified_stats.rs:382:41
    |
382 |             avg_access_latency_ns: self.get_average_latency(),
    |                                         ^^^^^^^^^^^^^^^^^^^
    |
help: there is a method `update_average_latency` with a similar name, but with different arguments
   --> src/telemetry/unified_stats.rs:335:5
    |
335 |     fn update_average_latency(&self, new_latency: u64) {
    |     ^^^^^^^^^^^^^^^^^^^^^^^^^^^^^^^^^^^^^^^^^^^^^^^^^^

error[E0609]: no field `current_memory_usage` on type `&UnifiedCacheStatistics`
   --> src/telemetry/unified_stats.rs:383:44
    |
383 |             total_memory_usage_bytes: self.current_memory_usage.load(Ordering::Relaxed),
    |                                            ^^^^^^^^^^^^^^^^^^^^ unknown field
    |
help: a field with a similar name exists
    |
383 -             total_memory_usage_bytes: self.current_memory_usage.load(Ordering::Relaxed),
383 +             total_memory_usage_bytes: self.peak_memory_usage.load(Ordering::Relaxed),
    |

error[E0599]: no method named `get_average_latency` found for reference `&UnifiedCacheStatistics` in the current scope
   --> src/telemetry/unified_stats.rs:394:42
    |
394 |                 avg_access_time_ns: self.get_average_latency(),
    |                                          ^^^^^^^^^^^^^^^^^^^
    |
help: there is a method `update_average_latency` with a similar name, but with different arguments
   --> src/telemetry/unified_stats.rs:335:5
    |
335 |     fn update_average_latency(&self, new_latency: u64) {
    |     ^^^^^^^^^^^^^^^^^^^^^^^^^^^^^^^^^^^^^^^^^^^^^^^^^^

error[E0599]: no method named `get_average_latency` found for reference `&UnifiedCacheStatistics` in the current scope
   --> src/telemetry/unified_stats.rs:407:42
    |
407 |                 avg_access_time_ns: self.get_average_latency(),
    |                                          ^^^^^^^^^^^^^^^^^^^
    |
help: there is a method `update_average_latency` with a similar name, but with different arguments
   --> src/telemetry/unified_stats.rs:335:5
    |
335 |     fn update_average_latency(&self, new_latency: u64) {
    |     ^^^^^^^^^^^^^^^^^^^^^^^^^^^^^^^^^^^^^^^^^^^^^^^^^^

error[E0599]: no method named `get_average_latency` found for reference `&UnifiedCacheStatistics` in the current scope
   --> src/telemetry/unified_stats.rs:420:42
    |
420 |                 avg_access_time_ns: self.get_average_latency(),
    |                                          ^^^^^^^^^^^^^^^^^^^
    |
help: there is a method `update_average_latency` with a similar name, but with different arguments
   --> src/telemetry/unified_stats.rs:335:5
    |
335 |     fn update_average_latency(&self, new_latency: u64) {
    |     ^^^^^^^^^^^^^^^^^^^^^^^^^^^^^^^^^^^^^^^^^^^^^^^^^^

error[E0015]: cannot call non-const associated function `<SkipMapConfig as Default>::default` in constant functions
  --> src/cache/config/builder/core.rs:46:31
   |
46 |                     skip_map: SkipMapConfig::default(),
   |                               ^^^^^^^^^^^^^^^^^^^^^^^^
   |
   = note: calls in constant functions are limited to constant functions, tuple structs and tuple variants

error[E0015]: cannot call non-const associated function `<PressureConfig as Default>::default` in constant functions
  --> src/cache/config/builder/core.rs:47:42
   |
47 |                     pressure_thresholds: PressureConfig::default(),
   |                                          ^^^^^^^^^^^^^^^^^^^^^^^^^
   |
   = note: calls in constant functions are limited to constant functions, tuple structs and tuple variants

error[E0015]: cannot call non-const associated function `<TrackingConfig as Default>::default` in constant functions
  --> src/cache/config/builder/core.rs:49:38
   |
49 |                     tracking_config: TrackingConfig::default(),
   |                                      ^^^^^^^^^^^^^^^^^^^^^^^^^
   |
   = note: calls in constant functions are limited to constant functions, tuple structs and tuple variants

error[E0015]: cannot call non-const associated function `<BackgroundConfig as Default>::default` in constant functions
  --> src/cache/config/builder/core.rs:50:40
   |
50 |                     background_config: BackgroundConfig::default(),
   |                                        ^^^^^^^^^^^^^^^^^^^^^^^^^^^
   |
   = note: calls in constant functions are limited to constant functions, tuple structs and tuple variants

error[E0015]: cannot call non-const associated function `<PerformanceConfig as Default>::default` in constant functions
  --> src/cache/config/builder/core.rs:51:41
   |
51 |                     performance_config: PerformanceConfig::default(),
   |                                         ^^^^^^^^^^^^^^^^^^^^^^^^^^^^
   |
   = note: calls in constant functions are limited to constant functions, tuple structs and tuple variants

error[E0015]: cannot call non-const associated function `<SkipMapConfig as Default>::default` in constant functions
  --> src/cache/config/presets.rs:68:27
   |
68 |                 skip_map: SkipMapConfig::default(),
   |                           ^^^^^^^^^^^^^^^^^^^^^^^^
   |
   = note: calls in constant functions are limited to constant functions, tuple structs and tuple variants

error[E0015]: cannot call non-const associated function `<PressureConfig as Default>::default` in constant functions
  --> src/cache/config/presets.rs:69:38
   |
69 |                 pressure_thresholds: PressureConfig::default(),
   |                                      ^^^^^^^^^^^^^^^^^^^^^^^^^
   |
   = note: calls in constant functions are limited to constant functions, tuple structs and tuple variants

error[E0015]: cannot call non-const associated function `<TrackingConfig as Default>::default` in constant functions
  --> src/cache/config/presets.rs:71:34
   |
71 |                 tracking_config: TrackingConfig::default(),
   |                                  ^^^^^^^^^^^^^^^^^^^^^^^^^
   |
   = note: calls in constant functions are limited to constant functions, tuple structs and tuple variants

error[E0015]: cannot call non-const associated function `<BackgroundConfig as Default>::default` in constant functions
  --> src/cache/config/presets.rs:72:36
   |
72 |                 background_config: BackgroundConfig::default(),
   |                                    ^^^^^^^^^^^^^^^^^^^^^^^^^^^
   |
   = note: calls in constant functions are limited to constant functions, tuple structs and tuple variants

error[E0015]: cannot call non-const associated function `<PerformanceConfig as Default>::default` in constant functions
  --> src/cache/config/presets.rs:73:37
   |
73 |                 performance_config: PerformanceConfig::default(),
   |                                     ^^^^^^^^^^^^^^^^^^^^^^^^^^^^
   |
   = note: calls in constant functions are limited to constant functions, tuple structs and tuple variants

error[E0382]: borrow of partially moved value: `config`
  --> src/cache/coordinator/unified_manager.rs:79:60
   |
59 |         let warm_tier_config = config.warm_tier;
   |                                ---------------- value partially moved here
...
79 |         let strategy_selector = CacheStrategySelector::new(&config)?;
   |                                                            ^^^^^^^ value borrowed here after partial move
   |
   = note: partial move occurs because `config.warm_tier` has type `WarmTierConfig`, which does not implement the `Copy` trait

error[E0596]: cannot borrow `self.prefetch_predictor` as mutable, as it is behind a `&` reference
   --> src/cache/eviction/policy_engine.rs:137:17
    |
137 |                 self.prefetch_predictor.record_access(
    |                 ^^^^^^^^^^^^^^^^^^^^^^^ `self` is a `&` reference, so the data it refers to cannot be borrowed as mutable
    |
help: consider changing this to be a mutable reference
    |
122 |         &mut self,
    |          +++

error[E0596]: cannot borrow `self.prefetch_predictor` as mutable, as it is behind a `&` reference
   --> src/cache/eviction/policy_engine.rs:146:31
    |
146 |             let predictions = self.prefetch_predictor.get_next_prefetches(5);
    |                               ^^^^^^^^^^^^^^^^^^^^^^^ `self` is a `&` reference, so the data it refers to cannot be borrowed as mutable
    |
help: consider changing this to be a mutable reference
    |
122 |         &mut self,
    |          +++

error[E0596]: cannot borrow `self.prefetch_predictor` as mutable, as it is behind a `&` reference
   --> src/cache/eviction/policy_engine.rs:202:9
    |
202 |         self.prefetch_predictor.record_access(
    |         ^^^^^^^^^^^^^^^^^^^^^^^ `self` is a `&` reference, so the data it refers to cannot be borrowed as mutable
    |
help: consider changing this to be a mutable reference
    |
199 |     pub fn record_access(&mut self, event: AccessEvent<K>) {
    |                           +++

error[E0596]: cannot borrow `self.prefetch_predictor` as mutable, as it is behind a `&` reference
   --> src/cache/eviction/policy_engine.rs:272:13
    |
272 |             self.prefetch_predictor.record_access(
    |             ^^^^^^^^^^^^^^^^^^^^^^^ `self` is a `&` reference, so the data it refers to cannot be borrowed as mutable
    |
help: consider changing this to be a mutable reference
    |
265 |         &mut self,
    |          +++

warning: unused variable: `config`
  --> src/cache/eviction/prefetch.rs:25:39
   |
25 |     pub fn new_predictor<K: CacheKey>(config: &CacheConfig) -> Result<PrefetchPredictor<K>, CacheOperationError> {
   |                                       ^^^^^^ help: if this is intentional, prefix it with an underscore: `_config`
   |
   = note: `#[warn(unused_variables)]` on by default

warning: unused variable: `config`
  --> src/cache/eviction/mod.rs:66:5
   |
66 |     config: &CacheConfig,
   |     ^^^^^^ help: if this is intentional, prefix it with an underscore: `_config`

error[E0596]: cannot borrow `self.prefetch_predictor` as mutable, as it is behind a `&` reference
   --> src/cache/eviction/mod.rs:103:9
    |
103 |         self.prefetch_predictor.record_access(
    |         ^^^^^^^^^^^^^^^^^^^^^^^ `self` is a `&` reference, so the data it refers to cannot be borrowed as mutable
    |
help: consider changing this to be a mutable reference
    |
100 |     pub fn record_access(&mut self, event: AccessEvent<K>) {
    |                           +++

warning: unused variable: `priority`
  --> src/cache/manager/background/scheduler.rs:90:9
   |
90 |         priority: u16,
   |         ^^^^^^^^ help: if this is intentional, prefix it with an underscore: `_priority`

error[E0382]: borrow of moved value: `task`
   --> src/cache/manager/background/types.rs:130:25
    |
119 |     pub fn new(task: CanonicalMaintenanceTask) -> Self {
    |                ---- move occurs because `task` has type `maintenance::MaintenanceTask`, which does not implement the `Copy` trait
...
127 |             task,
    |             ---- value moved here
...
130 |             timeout_ns: task.estimated_duration().as_nanos() as u64 * 10, // 10x estimated duration as timeout
    |                         ^^^^ value borrowed here after move
    |
help: consider cloning the value if the performance cost is acceptable
    |
127 |             task: task.clone(),
    |                 ++++++++++++++

error[E0382]: borrow of moved value: `task`
   --> src/cache/manager/background/types.rs:142:25
    |
137 |     pub fn with_priority(task: CanonicalMaintenanceTask, priority: u16) -> Self {
    |                          ---- move occurs because `task` has type `maintenance::MaintenanceTask`, which does not implement the `Copy` trait
138 |         Self {
139 |             task,
    |             ---- value moved here
...
142 |             timeout_ns: task.estimated_duration().as_nanos() as u64 * 10,
    |                         ^^^^ value borrowed here after move
    |
help: consider cloning the value if the performance cost is acceptable
    |
139 |             task: task.clone(),
    |                 ++++++++++++++

error[E0004]: non-exhaustive patterns: `&maintenance::MaintenanceTask::DefragmentMemory { .. }` and `&maintenance::MaintenanceTask::UpdateMLModels { .. }` not covered
  --> src/cache/manager/background/worker.rs:85:15
   |
85 |         match &task.task {
   |               ^^^^^^^^^^ patterns `&maintenance::MaintenanceTask::DefragmentMemory { .. }` and `&maintenance::MaintenanceTask::UpdateMLModels { .. }` not covered
   |
note: `maintenance::MaintenanceTask` defined here
  --> src/cache/tier/warm/maintenance.rs:14:10
   |
14 | pub enum MaintenanceTask {
   |          ^^^^^^^^^^^^^^^
...
48 |     DefragmentMemory { target_fragmentation: f64 },
   |     ---------------- not covered
49 |     /// Update machine learning models
50 |     UpdateMLModels {
   |     -------------- not covered
   = note: the matched value is of type `&maintenance::MaintenanceTask`
help: ensure that all possible cases are being handled by adding a match arm with a wildcard pattern, a match arm with multiple or-patterns as shown, or multiple match arms
   |
267~             },
268+             &maintenance::MaintenanceTask::DefragmentMemory { .. } | &maintenance::MaintenanceTask::UpdateMLModels { .. } => todo!()
   |

warning: unused variable: `fallback_config`
   --> src/cache/manager/error_recovery/strategies.rs:321:29
    |
321 |                         let fallback_config = EvictionConfig {
    |                             ^^^^^^^^^^^^^^^ help: if this is intentional, prefix it with an underscore: `_fallback_config`

error[E0004]: non-exhaustive patterns: `core_types::AlertSeverity::Low`, `core_types::AlertSeverity::Medium`, `core_types::AlertSeverity::High` and 1 more not covered
   --> src/cache/manager/performance/alert_system.rs:240:38
    |
240 |             let severity_idx = match alert.severity {
    |                                      ^^^^^^^^^^^^^^ patterns `core_types::AlertSeverity::Low`, `core_types::AlertSeverity::Medium`, `core_types::AlertSeverity::High` and 1 more not covered
    |
note: `core_types::AlertSeverity` defined here
   --> src/cache/types/core_types.rs:11:10
    |
 11 | pub enum AlertSeverity {
    |          ^^^^^^^^^^^^^
 12 |     Info = 0,
 13 |     Low = 1,
    |     --- not covered
 14 |     Medium = 2,
    |     ------ not covered
 15 |     Warning = 3,
 16 |     High = 4,
    |     ---- not covered
 17 |     Error = 5,
    |     ----- not covered
    = note: the matched value is of type `core_types::AlertSeverity`
help: ensure that all possible cases are being handled by adding a match arm with a wildcard pattern as shown, or multiple match arms
    |
244 ~                 AlertSeverity::Emergency => 3,
245 ~                 _ => todo!(),
    |

warning: variable does not need to be mutable
   --> src/cache/memory/allocation_manager.rs:110:16
    |
110 |     pub fn run(mut self) {
    |                ----^^^^
    |                |
    |                help: remove this `mut`
    |
    = note: `#[warn(unused_mut)]` on by default

warning: unused variable: `key`
  --> src/cache/tier/cold/core/utilities.rs:21:49
   |
21 |     pub(super) fn update_access_metadata(&self, key: &ColdCacheKey<K>, entry: &mut IndexEntry) {
   |                                                 ^^^ help: if this is intentional, prefix it with an underscore: `_key`

warning: unused variable: `key`
   --> src/cache/tier/cold/storage.rs:263:18
    |
263 |             let (key, entry) = entry_ref.pair();
    |                  ^^^ help: if this is intentional, prefix it with an underscore: `_key`

warning: variable `lowest_slot` is assigned to, but never used
   --> src/cache/tier/hot/eviction/policies.rs:100:17
    |
100 |         let mut lowest_slot = 0;
    |                 ^^^^^^^^^^^
    |
    = note: consider using `_lowest_slot` instead

warning: value assigned to `lowest_slot` is never read
   --> src/cache/tier/hot/eviction/policies.rs:105:17
    |
105 |                 lowest_slot = slot_idx;
    |                 ^^^^^^^^^^^
    |
    = help: maybe it is overwritten before being read?
    = note: `#[warn(unused_assignments)]` on by default

warning: unused variable: `reason`
  --> src/cache/tier/hot/eviction/types.rs:31:5
   |
31 |     reason: crate::cache::traits::types_and_enums::EvictionReason
   |     ^^^^^^ help: if this is intentional, prefix it with an underscore: `_reason`

warning: unused variable: `window_start`
   --> src/cache/tier/hot/thread_local.rs:242:29
    |
242 |                         let window_start = current_time.saturating_sub(window_ns);
    |                             ^^^^^^^^^^^^ help: if this is intentional, prefix it with an underscore: `_window_start`

warning: unused variable: `threshold_ns`
   --> src/cache/tier/hot/thread_local.rs:258:49
    |
258 |                     CacheRequest::GetIdleKeys { threshold_ns, response } => {
    |                                                 ^^^^^^^^^^^^ help: try ignoring the field: `threshold_ns: _`

warning: unused variable: `current_time`
   --> src/cache/tier/hot/thread_local.rs:261:29
    |
261 |                         let current_time = timestamp::now_nanos();
    |                             ^^^^^^^^^^^^ help: if this is intentional, prefix it with an underscore: `_current_time`

error[E0382]: borrow of moved value: `value`
   --> src/cache/tier/warm/core.rs:471:46
    |
458 |     pub fn put(&self, key: K, value: V) -> Result<(), CacheOperationError> {
    |                               ----- move occurs because `value` has type `V`, which does not implement the `Copy` trait
...
470 |             value,
    |             ----- value moved here
471 |             metadata: WarmEntryMetadata::new(&value),
    |                                              ^^^^^^ value borrowed here after move
    |
help: consider cloning the value if the performance cost is acceptable
    |
470 |             value: value.clone(),
    |                  +++++++++++++++

warning: unused variable: `reason`
   --> src/cache/tier/warm/eviction/types.rs:207:5
    |
207 |     reason: crate::cache::traits::types_and_enums::EvictionReason
    |     ^^^^^^ help: if this is intentional, prefix it with an underscore: `_reason`

warning: unused variable: `operation`
   --> src/cache/tier/warm/global_api.rs:227:9
    |
227 |         operation: impl FnOnce(&mut LockFreeWarmTier<K, V>) -> Result<T, CacheOperationError>,
    |         ^^^^^^^^^ help: if this is intentional, prefix it with an underscore: `_operation`

warning: unused variable: `entry_ref`
   --> src/cache/tier/warm/global_api.rs:568:13
    |
568 |         for entry_ref in coordinator.warm_tiers.iter() {
    |             ^^^^^^^^^ help: if this is intentional, prefix it with an underscore: `_entry_ref`

warning: variable does not need to be mutable
   --> src/cache/tier/warm/global_api.rs:560:13
    |
560 |         let mut aggregated = TierStatistics::default();
    |             ----^^^^^^^^^^
    |             |
    |             help: remove this `mut`

warning: unused variable: `avg_latency_ms`
   --> src/cache/tier/warm/metrics.rs:325:13
    |
325 |         let avg_latency_ms = avg_latency_ns as f64 / 1_000_000.0;
    |             ^^^^^^^^^^^^^^ help: if this is intentional, prefix it with an underscore: `_avg_latency_ms`

warning: unused variable: `ops_per_second`
   --> src/cache/types/simd/batch_ops.rs:106:13
    |
106 |         let ops_per_second = if duration_ns > 0 {
    |             ^^^^^^^^^^^^^^ help: if this is intentional, prefix it with an underscore: `_ops_per_second`

warning: unused variable: `successful_ops_per_second`
   --> src/cache/types/simd/batch_ops.rs:112:13
    |
112 |         let successful_ops_per_second = if duration_ns > 0 {
    |             ^^^^^^^^^^^^^^^^^^^^^^^^^ help: if this is intentional, prefix it with an underscore: `_successful_ops_per_second`

warning: unused variable: `weighted_hit_rate`
   --> src/cache/types/statistics/multi_tier.rs:365:13
    |
365 |         let weighted_hit_rate = if total_entries > 0 {
    |             ^^^^^^^^^^^^^^^^^ help: if this is intentional, prefix it with an underscore: `_weighted_hit_rate`

warning: unused variable: `weighted_error_rate`
   --> src/cache/types/statistics/multi_tier.rs:387:13
    |
387 |         let weighted_error_rate = if total_entries > 0 {
    |             ^^^^^^^^^^^^^^^^^^^ help: if this is intentional, prefix it with an underscore: `_weighted_error_rate`

warning: unused variable: `now`
  --> src/cache/worker/tier_transitions.rs:19:9
   |
19 |     let now = Instant::now();
   |         ^^^ help: if this is intentional, prefix it with an underscore: `_now`

Some errors have detailed explanations: E0004, E0015, E0061, E0063, E0071, E0107, E0277, E0283, E0308...
For more information about an error, try `rustc --explain E0004`.
warning: `goldylox` (lib) generated 57 warnings
error: could not compile `goldylox` (lib) due to 229 previous errors; 57 warnings emitted
